Archive member included to satisfy reference by file (symbol)

..\freertos\libfreertos.a(tasks.c.obj)
                              CMakeFiles/blink.dir/main.c.obj (xTaskCreate)
..\freertos\libfreertos.a(timers.c.obj)
                              ..\freertos\libfreertos.a(tasks.c.obj) (xTimerCreateTimerTask)
..\freertos\libfreertos.a(heap_3.c.obj)
                              ..\freertos\libfreertos.a(tasks.c.obj) (pvPortMalloc)
..\freertos\libfreertos.a(port.c.obj)
                              ..\freertos\libfreertos.a(tasks.c.obj) (pxPortInitialiseStack)
..\freertos\libfreertos.a(list.c.obj)
                              ..\freertos\libfreertos.a(tasks.c.obj) (vListInitialise)
..\freertos\libfreertos.a(queue.c.obj)
                              ..\freertos\libfreertos.a(timers.c.obj) (xQueueGenericCreate)
c:/progra~2/gnuarm~1/102021~1.10/bin/../lib/gcc/arm-none-eabi/10.3.1/thumb/v6-m/nofp\libgcc.a(_dvmd_tls.o)
                              CMakeFiles/blink.dir/C_/Users/Admin/Desktop/Pico/pico-sdk/src/rp2_common/pico_divider/divider.S.obj (__aeabi_idiv0)
c:/progra~2/gnuarm~1/102021~1.10/bin/../lib/gcc/arm-none-eabi/10.3.1/../../../../arm-none-eabi/lib/thumb/v6-m/nofp\libg.a(lib_a-calloc.o)
                              CMakeFiles/blink.dir/C_/Users/Admin/Desktop/Pico/pico-sdk/src/rp2_common/pico_malloc/pico_malloc.c.obj (calloc)
c:/progra~2/gnuarm~1/102021~1.10/bin/../lib/gcc/arm-none-eabi/10.3.1/../../../../arm-none-eabi/lib/thumb/v6-m/nofp\libg.a(lib_a-callocr.o)
                              c:/progra~2/gnuarm~1/102021~1.10/bin/../lib/gcc/arm-none-eabi/10.3.1/../../../../arm-none-eabi/lib/thumb/v6-m/nofp\libg.a(lib_a-calloc.o) (_calloc_r)
c:/progra~2/gnuarm~1/102021~1.10/bin/../lib/gcc/arm-none-eabi/10.3.1/../../../../arm-none-eabi/lib/thumb/v6-m/nofp\libg.a(lib_a-errno.o)
                              c:/progra~2/gnuarm~1/102021~1.10/bin/../lib/gcc/arm-none-eabi/10.3.1/../../../../arm-none-eabi/lib/thumb/v6-m/nofp\libg.a(lib_a-callocr.o) (__errno)
c:/progra~2/gnuarm~1/102021~1.10/bin/../lib/gcc/arm-none-eabi/10.3.1/../../../../arm-none-eabi/lib/thumb/v6-m/nofp\libg.a(lib_a-impure.o)
                              c:/progra~2/gnuarm~1/102021~1.10/bin/../lib/gcc/arm-none-eabi/10.3.1/../../../../arm-none-eabi/lib/thumb/v6-m/nofp\libg.a(lib_a-calloc.o) (_impure_ptr)
c:/progra~2/gnuarm~1/102021~1.10/bin/../lib/gcc/arm-none-eabi/10.3.1/../../../../arm-none-eabi/lib/thumb/v6-m/nofp\libg.a(lib_a-init.o)
                              c:/progra~2/gnuarm~1/102021~1.10/bin/../lib/gcc/arm-none-eabi/10.3.1/../../../../arm-none-eabi/lib/thumb/v6-m/nofp/crt0.o (__libc_init_array)
c:/progra~2/gnuarm~1/102021~1.10/bin/../lib/gcc/arm-none-eabi/10.3.1/../../../../arm-none-eabi/lib/thumb/v6-m/nofp\libg.a(lib_a-malloc.o)
                              CMakeFiles/blink.dir/C_/Users/Admin/Desktop/Pico/pico-sdk/src/rp2_common/pico_malloc/pico_malloc.c.obj (malloc)
c:/progra~2/gnuarm~1/102021~1.10/bin/../lib/gcc/arm-none-eabi/10.3.1/../../../../arm-none-eabi/lib/thumb/v6-m/nofp\libg.a(lib_a-mallocr.o)
                              c:/progra~2/gnuarm~1/102021~1.10/bin/../lib/gcc/arm-none-eabi/10.3.1/../../../../arm-none-eabi/lib/thumb/v6-m/nofp\libg.a(lib_a-callocr.o) (_malloc_r)
c:/progra~2/gnuarm~1/102021~1.10/bin/../lib/gcc/arm-none-eabi/10.3.1/../../../../arm-none-eabi/lib/thumb/v6-m/nofp\libg.a(lib_a-mlock.o)
                              c:/progra~2/gnuarm~1/102021~1.10/bin/../lib/gcc/arm-none-eabi/10.3.1/../../../../arm-none-eabi/lib/thumb/v6-m/nofp\libg.a(lib_a-mallocr.o) (__malloc_lock)
c:/progra~2/gnuarm~1/102021~1.10/bin/../lib/gcc/arm-none-eabi/10.3.1/../../../../arm-none-eabi/lib/thumb/v6-m/nofp\libg.a(lib_a-sbrkr.o)
                              c:/progra~2/gnuarm~1/102021~1.10/bin/../lib/gcc/arm-none-eabi/10.3.1/../../../../arm-none-eabi/lib/thumb/v6-m/nofp\libg.a(lib_a-mallocr.o) (_sbrk_r)
c:/progra~2/gnuarm~1/102021~1.10/bin/../lib/gcc/arm-none-eabi/10.3.1/../../../../arm-none-eabi/lib/thumb/v6-m/nofp\libg.a(lib_a-strlen-stub.o)
                              CMakeFiles/blink.dir/C_/Users/Admin/Desktop/Pico/pico-sdk/src/rp2_common/pico_stdio/stdio.c.obj (strlen)
c:/progra~2/gnuarm~1/102021~1.10/bin/../lib/gcc/arm-none-eabi/10.3.1/../../../../arm-none-eabi/lib/thumb/v6-m/nofp\libg.a(lib_a-freer.o)
                              c:/progra~2/gnuarm~1/102021~1.10/bin/../lib/gcc/arm-none-eabi/10.3.1/../../../../arm-none-eabi/lib/thumb/v6-m/nofp\libg.a(lib_a-malloc.o) (_free_r)
c:/progra~2/gnuarm~1/102021~1.10/bin/../lib/gcc/arm-none-eabi/10.3.1/../../../../arm-none-eabi/lib/thumb/v6-m/nofp\libg.a(lib_a-lock.o)
                              c:/progra~2/gnuarm~1/102021~1.10/bin/../lib/gcc/arm-none-eabi/10.3.1/../../../../arm-none-eabi/lib/thumb/v6-m/nofp\libg.a(lib_a-mlock.o) (__retarget_lock_acquire_recursive)
c:/progra~2/gnuarm~1/102021~1.10/bin/../lib/gcc/arm-none-eabi/10.3.1/../../../../arm-none-eabi/lib/thumb/v6-m/nofp\libg.a(lib_a-reent.o)
[...]
Memory Configuration

Name             Origin             Length             Attributes
FLASH            0x10000000         0x00200000         xr
RAM              0x20000000         0x00040000         xrw
SCRATCH_X        0x20040000         0x00001000         xrw
SCRATCH_Y        0x20041000         0x00001000         xrw
*default*        0x00000000         0xffffffff

Linker script and memory map

LOAD c:/progra~2/gnuarm~1/102021~1.10/bin/../lib/gcc/arm-none-eabi/10.3.1/thumb/v6-m/nofp/crti.o
LOAD c:/progra~2/gnuarm~1/102021~1.10/bin/../lib/gcc/arm-none-eabi/10.3.1/thumb/v6-m/nofp/crtbegin.o
LOAD c:/progra~2/gnuarm~1/102021~1.10/bin/../lib/gcc/arm-none-eabi/10.3.1/../../../../arm-none-eabi/lib/thumb/v6-m/nofp/crt0.o

.flash_begin    0x10000000        0x0
                0x10000000                __flash_binary_start = .

.boot2          0x10000000      0x100
                0x10000000                __boot2_start__ = .
 *(.boot2)
 .boot2         0x10000000      0x100 C:\Users\Admin\AppData\Local\Temp\ccqkbjM1.o
                0x10000100                __boot2_end__ = .
                0x00000001                ASSERT (((__boot2_end__ - __boot2_start__) == 0x100), ERROR: Pico second stage bootloader must be 256 bytes in size)

.text           0x10000100     0x6a00
                0x10000100                __logical_binary_start = .
 *(.vectors)
 .vectors       0x10000100       0xd4 CMakeFiles/blink.dir/C_/Users/Admin/Desktop/Pico/pico-sdk/src/rp2_common/pico_standard_link/crt0.S.obj
                0x10000100                __vectors
                0x10000100                __VECTOR_TABLE
                0x100001c0                isr_invalid
                0x100001c0                __default_isrs_start
                0x100001c2                isr_nmi
                0x100001c4                isr_hardfault
                0x100001cc                isr_irq11
                0x100001cc                isr_irq23
                0x100001cc                isr_irq18
                0x100001cc                isr_irq5
                0x100001cc                isr_irq31
                0x100001cc                isr_irq27
                0x100001cc                isr_irq19
                0x100001cc                isr_irq0
                0x100001cc                isr_irq6
                0x100001cc                isr_irq13
                0x100001cc                isr_irq12
                0x100001cc                isr_irq22
                0x100001cc                __unhandled_user_irq
                0x100001cc                isr_irq17
                0x100001cc                isr_irq14
                0x100001cc                isr_irq28
                0x100001cc                isr_irq2
                0x100001cc                isr_irq10
                0x100001cc                isr_irq8
                0x100001cc                isr_irq24
                0x100001cc                isr_irq1
                0x100001cc                isr_irq7
                0x100001cc                isr_irq21
                0x100001cc                isr_irq20
                0x100001cc                isr_irq15
                0x100001cc                isr_irq25
                0x100001cc                isr_irq30
                0x100001cc                isr_irq4
                0x100001cc                isr_irq16
                0x100001cc                isr_irq29
                0x100001cc                isr_irq26
                0x100001cc                __default_isrs_end
                0x100001cc                isr_irq3
                0x100001cc                isr_irq9
                0x100001d2                unhandled_user_irq_num_in_r0
 *(.binary_info_header)
 .binary_info_header
                0x100001d4       0x14 CMakeFiles/blink.dir/C_/Users/Admin/Desktop/Pico/pico-sdk/src/rp2_common/pico_standard_link/crt0.S.obj
                0x100001e8                __binary_info_header_end = .
 *(.reset)
 .reset         0x100001e8       0xa8 CMakeFiles/blink.dir/C_/Users/Admin/Desktop/Pico/pico-sdk/src/rp2_common/pico_standard_link/crt0.S.obj
                0x100001e8                _entry_point
                0x10000266                __get_current_exception
 .reset         0x10000290       0x30 CMakeFiles/blink.dir/C_/Users/Admin/Desktop/Pico/pico-sdk/src/rp2_common/pico_standard_link/binary_info.c.obj
 *(.init)
 .init          0x100002c0        0x4 c:/progra~2/gnuarm~1/102021~1.10/bin/../lib/gcc/arm-none-eabi/10.3.1/thumb/v6-m/nofp/crti.o
                0x100002c0                _init
 *(EXCLUDE_FILE(*libm.a: *libc.a:*lib_a-mem*.o *libgcc.a:) .text*)
 .text          0x100002c4       0x48 c:/progra~2/gnuarm~1/102021~1.10/bin/../lib/gcc/arm-none-eabi/10.3.1/thumb/v6-m/nofp/crtbegin.o
 .text.led_task
                0x1000030c       0x2c CMakeFiles/blink.dir/main.c.obj
                0x1000030c                led_task
 .text.main     0x10000338       0x2c CMakeFiles/blink.dir/main.c.obj
                0x10000338                main
 .text.gpio_set_function
                0x10000364       0x30 CMakeFiles/blink.dir/C_/Users/Admin/Desktop/Pico/pico-sdk/src/rp2_common/hardware_gpio/gpio.c.obj
                0x10000364                gpio_set_function
 .text.gpio_init
                0x10000394       0x16 CMakeFiles/blink.dir/C_/Users/Admin/Desktop/Pico/pico-sdk/src/rp2_common/hardware_gpio/gpio.c.obj
                0x10000394                gpio_init
 *fill*         0x100003aa        0x2 
 .text.hw_claim_lock
                0x100003ac       0x18 CMakeFiles/blink.dir/C_/Users/Admin/Desktop/Pico/pico-sdk/src/rp2_common/hardware_claim/claim.c.obj
                0x100003ac                hw_claim_lock
 .text.hw_claim_unlock
                0x100003c4       0x14 CMakeFiles/blink.dir/C_/Users/Admin/Desktop/Pico/pico-sdk/src/rp2_common/hardware_claim/claim.c.obj
                0x100003c4                hw_claim_unlock
 .text.hw_claim_or_assert
                0x100003d8       0x32 CMakeFiles/blink.dir/C_/Users/Admin/Desktop/Pico/pico-sdk/src/rp2_common/hardware_claim/claim.c.obj
                0x100003d8                hw_claim_or_assert
 *fill*         0x1000040a        0x2 
 .text.running_on_fpga
                0x1000040c       0x14 CMakeFiles/blink.dir/C_/Users/Admin/Desktop/Pico/pico-sdk/src/rp2_common/pico_platform/platform.c.obj
                0x1000040c                running_on_fpga
 .text.spin_locks_reset
                0x10000420       0x20 CMakeFiles/blink.dir/C_/Users/Admin/Desktop/Pico/pico-sdk/src/rp2_common/hardware_sync/sync.c.obj
                0x10000420                spin_locks_reset
 .text.next_striped_spin_lock_num
                0x10000440       0x1c CMakeFiles/blink.dir/C_/Users/Admin/Desktop/Pico/pico-sdk/src/rp2_common/hardware_sync/sync.c.obj
                0x10000440                next_striped_spin_lock_num
 .text.uart_set_baudrate
                0x1000045c       0x5c CMakeFiles/blink.dir/C_/Users/Admin/Desktop/Pico/pico-sdk/src/rp2_common/hardware_uart/uart.c.obj
                0x1000045c                uart_set_baudrate
 .text.uart_set_translate_crlf
                0x100004b8       0x28 CMakeFiles/blink.dir/C_/Users/Admin/Desktop/Pico/pico-sdk/src/rp2_common/hardware_uart/uart.c.obj
                0x100004b8                uart_set_translate_crlf
 .text.uart_init
                0x100004e0       0x80 CMakeFiles/blink.dir/C_/Users/Admin/Desktop/Pico/pico-sdk/src/rp2_common/hardware_uart/uart.c.obj
                0x100004e0                uart_init
 .text.alarm_pool_post_alloc_init
                0x10000560       0x40 CMakeFiles/blink.dir/C_/Users/Admin/Desktop/Pico/pico-sdk/src/common/pico_time/time.c.obj
 .text.timer_pool_entry_comparator
                0x100005a0       0x7c CMakeFiles/blink.dir/C_/Users/Admin/Desktop/Pico/pico-sdk/src/common/pico_time/time.c.obj
                0x100005a0                timer_pool_entry_comparator
 .text.ph_add_child_node
                0x1000061c       0xa4 CMakeFiles/blink.dir/C_/Users/Admin/Desktop/Pico/pico-sdk/src/common/pico_time/time.c.obj
 .text.ph_merge_nodes
                0x100006c0       0x3e CMakeFiles/blink.dir/C_/Users/Admin/Desktop/Pico/pico-sdk/src/common/pico_time/time.c.obj
 *fill*         0x100006fe        0x2 
 .text.add_alarm_under_lock
                0x10000700      0x174 CMakeFiles/blink.dir/C_/Users/Admin/Desktop/Pico/pico-sdk/src/common/pico_time/time.c.obj
 .text.alarm_pool_alarm_callback
                0x10000874      0x328 CMakeFiles/blink.dir/C_/Users/Admin/Desktop/Pico/pico-sdk/src/common/pico_time/time.c.obj
 .text.alarm_pool_init_default
                0x10000b9c       0x38 CMakeFiles/blink.dir/C_/Users/Admin/Desktop/Pico/pico-sdk/src/common/pico_time/time.c.obj
                0x10000b9c                alarm_pool_init_default
 .text.hardware_alarm_irq_handler
                0x10000bd4       0x8c CMakeFiles/blink.dir/C_/Users/Admin/Desktop/Pico/pico-sdk/src/rp2_common/hardware_timer/timer.c.obj
 .text.hardware_alarm_claim
                0x10000c60       0x18 CMakeFiles/blink.dir/C_/Users/Admin/Desktop/Pico/pico-sdk/src/rp2_common/hardware_timer/timer.c.obj
                0x10000c60                hardware_alarm_claim
 .text.time_us_64
                0x10000c78       0x18 CMakeFiles/blink.dir/C_/Users/Admin/Desktop/Pico/pico-sdk/src/rp2_common/hardware_timer/timer.c.obj
                0x10000c78                time_us_64
 .text.hardware_alarm_set_callback
                0x10000c90       0x90 CMakeFiles/blink.dir/C_/Users/Admin/Desktop/Pico/pico-sdk/src/rp2_common/hardware_timer/timer.c.obj
                0x10000c90                hardware_alarm_set_callback
 .text.hardware_alarm_set_target
                0x10000d20       0xe8 CMakeFiles/blink.dir/C_/Users/Admin/Desktop/Pico/pico-sdk/src/rp2_common/hardware_timer/timer.c.obj
                0x10000d20                hardware_alarm_set_target
 .text.hardware_alarm_cancel
                0x10000e08       0x40 CMakeFiles/blink.dir/C_/Users/Admin/Desktop/Pico/pico-sdk/src/rp2_common/hardware_timer/timer.c.obj
                0x10000e08                hardware_alarm_cancel
 .text.lock_init
                0x10000e48       0x10 CMakeFiles/blink.dir/C_/Users/Admin/Desktop/Pico/pico-sdk/src/common/pico_sync/lock_core.c.obj
                0x10000e48                lock_init
 .text.mutex_init
                0x10000e58       0x1a CMakeFiles/blink.dir/C_/Users/Admin/Desktop/Pico/pico-sdk/src/common/pico_sync/mutex.c.obj
                0x10000e58                mutex_init
 .text.recursive_mutex_init
                0x10000e72       0x1e CMakeFiles/blink.dir/C_/Users/Admin/Desktop/Pico/pico-sdk/src/common/pico_sync/mutex.c.obj
                0x10000e72                recursive_mutex_init
 .text.ph_add_child_node
                0x10000e90       0xa4 CMakeFiles/blink.dir/C_/Users/Admin/Desktop/Pico/pico-sdk/src/common/pico_util/pheap.c.obj
 .text.ph_merge_nodes
                0x10000f34       0x3e CMakeFiles/blink.dir/C_/Users/Admin/Desktop/Pico/pico-sdk/src/common/pico_util/pheap.c.obj
 *fill*         0x10000f72        0x2 
 .text.ph_clear
                0x10000f74       0x70 CMakeFiles/blink.dir/C_/Users/Admin/Desktop/Pico/pico-sdk/src/common/pico_util/pheap.c.obj
                0x10000f74                ph_clear
 .text.ph_post_alloc_init
                0x10000fe4        0xe CMakeFiles/blink.dir/C_/Users/Admin/Desktop/Pico/pico-sdk/src/common/pico_util/pheap.c.obj
                0x10000fe4                ph_post_alloc_init
 *fill*         0x10000ff2        0x2 
 .text.ph_merge_two_pass
                0x10000ff4       0xa8 CMakeFiles/blink.dir/C_/Users/Admin/Desktop/Pico/pico-sdk/src/common/pico_util/pheap.c.obj
                0x10000ff4                ph_merge_two_pass
 .text.ph_remove_any_head
                0x1000109c      0x108 CMakeFiles/blink.dir/C_/Users/Admin/Desktop/Pico/pico-sdk/src/common/pico_util/pheap.c.obj
 .text.ph_remove_head
                0x100011a4       0x14 CMakeFiles/blink.dir/C_/Users/Admin/Desktop/Pico/pico-sdk/src/common/pico_util/pheap.c.obj
                0x100011a4                ph_remove_head
 .text.ph_remove_and_free_node
                0x100011b8       0xf8 CMakeFiles/blink.dir/C_/Users/Admin/Desktop/Pico/pico-sdk/src/common/pico_util/pheap.c.obj
                0x100011b8                ph_remove_and_free_node
 .text._exit    0x100012b0        0x4 CMakeFiles/blink.dir/C_/Users/Admin/Desktop/Pico/pico-sdk/src/rp2_common/pico_runtime/runtime.c.obj
                0x100012b0                _exit
 .text._sbrk    0x100012b4       0x38 CMakeFiles/blink.dir/C_/Users/Admin/Desktop/Pico/pico-sdk/src/rp2_common/pico_runtime/runtime.c.obj
                0x100012b4                _sbrk
 .text.exit     0x100012ec        0x6 CMakeFiles/blink.dir/C_/Users/Admin/Desktop/Pico/pico-sdk/src/rp2_common/pico_runtime/runtime.c.obj
                0x100012ec                exit
 *fill*         0x100012f2        0x2 
 .text.__assert_func
                0x100012f4       0x3c CMakeFiles/blink.dir/C_/Users/Admin/Desktop/Pico/pico-sdk/src/rp2_common/pico_runtime/runtime.c.obj
                0x100012f4                __assert_func
 .text.runtime_init
                0x10001330       0xf8 CMakeFiles/blink.dir/C_/Users/Admin/Desktop/Pico/pico-sdk/src/rp2_common/pico_runtime/runtime.c.obj
                0x10001330                runtime_init
 .text.panic    0x10001428       0x30 CMakeFiles/blink.dir/C_/Users/Admin/Desktop/Pico/pico-sdk/src/rp2_common/pico_runtime/runtime.c.obj
                0x10001428                panic
 .text.clock_configure
                0x10001458      0x104 CMakeFiles/blink.dir/C_/Users/Admin/Desktop/Pico/pico-sdk/src/rp2_common/hardware_clocks/clocks.c.obj
                0x10001458                clock_configure
 .text.clocks_init
                0x1000155c      0x100 CMakeFiles/blink.dir/C_/Users/Admin/Desktop/Pico/pico-sdk/src/rp2_common/hardware_clocks/clocks.c.obj
                0x1000155c                clocks_init
 .text.clock_get_hz
                0x1000165c        0xc CMakeFiles/blink.dir/C_/Users/Admin/Desktop/Pico/pico-sdk/src/rp2_common/hardware_clocks/clocks.c.obj
                0x1000165c                clock_get_hz
 .text.set_raw_irq_handler_and_unlock
                0x10001668       0x28 CMakeFiles/blink.dir/C_/Users/Admin/Desktop/Pico/pico-sdk/src/rp2_common/hardware_irq/irq.c.obj
 .text.make_branch
                0x10001690       0x34 CMakeFiles/blink.dir/C_/Users/Admin/Desktop/Pico/pico-sdk/src/rp2_common/hardware_irq/irq.c.obj
 .text.insert_branch_and_link
                0x100016c4       0x40 CMakeFiles/blink.dir/C_/Users/Admin/Desktop/Pico/pico-sdk/src/rp2_common/hardware_irq/irq.c.obj
 .text.irq_is_enabled
                0x10001704       0x18 CMakeFiles/blink.dir/C_/Users/Admin/Desktop/Pico/pico-sdk/src/rp2_common/hardware_irq/irq.c.obj
                0x10001704                irq_is_enabled
 .text.irq_set_mask_enabled
                0x1000171c       0x20 CMakeFiles/blink.dir/C_/Users/Admin/Desktop/Pico/pico-sdk/src/rp2_common/hardware_irq/irq.c.obj
                0x1000171c                irq_set_mask_enabled
 .text.irq_set_enabled
                0x1000173c        0xe CMakeFiles/blink.dir/C_/Users/Admin/Desktop/Pico/pico-sdk/src/rp2_common/hardware_irq/irq.c.obj
                0x1000173c                irq_set_enabled
 *fill*         0x1000174a        0x2 
 .text.irq_get_vtable_handler
                0x1000174c       0x10 CMakeFiles/blink.dir/C_/Users/Admin/Desktop/Pico/pico-sdk/src/rp2_common/hardware_irq/irq.c.obj
                0x1000174c                irq_get_vtable_handler
 .text.irq_set_exclusive_handler
                0x1000175c       0x54 CMakeFiles/blink.dir/C_/Users/Admin/Desktop/Pico/pico-sdk/src/rp2_common/hardware_irq/irq.c.obj
                0x1000175c                irq_set_exclusive_handler
 .text.irq_remove_handler
                0x100017b0      0x1ac CMakeFiles/blink.dir/C_/Users/Admin/Desktop/Pico/pico-sdk/src/rp2_common/hardware_irq/irq.c.obj
                0x100017b0                irq_remove_handler
 .text.irq_add_tail_to_free_list
                0x1000195c       0xf0 CMakeFiles/blink.dir/C_/Users/Admin/Desktop/Pico/pico-sdk/src/rp2_common/hardware_irq/irq.c.obj
                0x1000195c                irq_add_tail_to_free_list
 .text.irq_init_priorities
                0x10001a4c       0x1c CMakeFiles/blink.dir/C_/Users/Admin/Desktop/Pico/pico-sdk/src/rp2_common/hardware_irq/irq.c.obj
                0x10001a4c                irq_init_priorities
 .text.pll_init
                0x10001a68      0x118 CMakeFiles/blink.dir/C_/Users/Admin/Desktop/Pico/pico-sdk/src/rp2_common/hardware_pll/pll.c.obj
                0x10001a68                pll_init
 .text.watchdog_start_tick
                0x10001b80       0x10 CMakeFiles/blink.dir/C_/Users/Admin/Desktop/Pico/pico-sdk/src/rp2_common/hardware_watchdog/watchdog.c.obj
                0x10001b80                watchdog_start_tick
 .text.xosc_init
                0x10001b90       0x28 CMakeFiles/blink.dir/C_/Users/Admin/Desktop/Pico/pico-sdk/src/rp2_common/hardware_xosc/xosc.c.obj
                0x10001b90                xosc_init
 .text._out_null
                0x10001bb8        0x2 CMakeFiles/blink.dir/C_/Users/Admin/Desktop/Pico/pico-sdk/src/rp2_common/pico_printf/printf.c.obj
 .text._out_fct
                0x10001bba        0xe CMakeFiles/blink.dir/C_/Users/Admin/Desktop/Pico/pico-sdk/src/rp2_common/pico_printf/printf.c.obj
 .text._atoi    0x10001bc8       0x24 CMakeFiles/blink.dir/C_/Users/Admin/Desktop/Pico/pico-sdk/src/rp2_common/pico_printf/printf.c.obj
 .text._out_rev
                0x10001bec       0xae CMakeFiles/blink.dir/C_/Users/Admin/Desktop/Pico/pico-sdk/src/rp2_common/pico_printf/printf.c.obj
 .text._ntoa_format
                0x10001c9a      0x112 CMakeFiles/blink.dir/C_/Users/Admin/Desktop/Pico/pico-sdk/src/rp2_common/pico_printf/printf.c.obj
 .text._ntoa_long
                0x10001dac       0xbc CMakeFiles/blink.dir/C_/Users/Admin/Desktop/Pico/pico-sdk/src/rp2_common/pico_printf/printf.c.obj
 .text._ntoa_long_long
                0x10001e68       0xe2 CMakeFiles/blink.dir/C_/Users/Admin/Desktop/Pico/pico-sdk/src/rp2_common/pico_printf/printf.c.obj
 *fill*         0x10001f4a        0x2 
 .text._etoa    0x10001f4c      0x414 CMakeFiles/blink.dir/C_/Users/Admin/Desktop/Pico/pico-sdk/src/rp2_common/pico_printf/printf.c.obj
 .text._ftoa    0x10002360      0x354 CMakeFiles/blink.dir/C_/Users/Admin/Desktop/Pico/pico-sdk/src/rp2_common/pico_printf/printf.c.obj
 .text._vsnprintf
                0x100026b4      0x624 CMakeFiles/blink.dir/C_/Users/Admin/Desktop/Pico/pico-sdk/src/rp2_common/pico_printf/printf.c.obj
 .text.vfctprintf
                0x10002cd8       0x20 CMakeFiles/blink.dir/C_/Users/Admin/Desktop/Pico/pico-sdk/src/rp2_common/pico_printf/printf.c.obj
                0x10002cd8                vfctprintf
 .text          0x10002cf8       0x10 CMakeFiles/blink.dir/C_/Users/Admin/Desktop/Pico/pico-sdk/src/rp2_common/pico_bit_ops/bit_ops_aeabi.S.obj
 .text.rom_func_lookup
                0x10002d08       0x10 CMakeFiles/blink.dir/C_/Users/Admin/Desktop/Pico/pico-sdk/src/rp2_common/pico_bootrom/bootrom.c.obj
                0x10002d08                rom_func_lookup
 .text.rom_data_lookup
                0x10002d18       0x10 CMakeFiles/blink.dir/C_/Users/Admin/Desktop/Pico/pico-sdk/src/rp2_common/pico_bootrom/bootrom.c.obj
                0x10002d18                rom_data_lookup
 .text.rom_funcs_lookup
                0x10002d28       0x36 CMakeFiles/blink.dir/C_/Users/Admin/Desktop/Pico/pico-sdk/src/rp2_common/pico_bootrom/bootrom.c.obj
                0x10002d28                rom_funcs_lookup
 *fill*         0x10002d5e        0x2 
 .text.__wrap___aeabi_idiv
                0x10002d60       0x50 CMakeFiles/blink.dir/C_/Users/Admin/Desktop/Pico/pico-sdk/src/rp2_common/pico_divider/divider.S.obj
                0x10002d60                __wrap___aeabi_idivmod
                0x10002d60                divmod_s32s32
                0x10002d60                div_s32s32
                0x10002d60                __wrap___aeabi_idiv
                0x10002d68                divmod_s32s32_unsafe
                0x10002d94                divmod_s32s32_savestate
 .text.__wrap___aeabi_uidiv
                0x10002db0       0x4c CMakeFiles/blink.dir/C_/Users/Admin/Desktop/Pico/pico-sdk/src/rp2_common/pico_divider/divider.S.obj
                0x10002db0                __wrap___aeabi_uidiv
                0x10002db0                __wrap___aeabi_uidivmod
                0x10002db0                div_u32u32
                0x10002db0                divmod_u32u32
                0x10002db8                divmod_u32u32_unsafe
                0x10002de0                divmod_u32u32_savestate
 .text.__wrap___aeabi_ldiv
                0x10002dfc      0x434 CMakeFiles/blink.dir/C_/Users/Admin/Desktop/Pico/pico-sdk/src/rp2_common/pico_divider/divider.S.obj
                0x10002dfc                div_s64s64
                0x10002dfc                divmod_s64s64
                0x10002dfc                __wrap___aeabi_ldivmod
                0x10002e34                divmod_u64u64
                0x10002e34                div_u64u64
                0x10002e34                __wrap___aeabi_uldivmod
                0x10002e44                divmod_u64u64_savestate
                0x10002e6c                divmod_s64s64_unsafe
                0x10002ef4                divmod_u64u64_unsafe
 .text.__wrap___aeabi_darithmetic
                0x10003230       0x80 CMakeFiles/blink.dir/C_/Users/Admin/Desktop/Pico/pico-sdk/src/rp2_common/pico_double/double_aeabi.S.obj
                0x10003230                __wrap___aeabi_drsub
                0x10003236                __wrap___aeabi_dsub
                0x10003248                __wrap___aeabi_dadd
                0x1000325a                __wrap___aeabi_ddiv
                0x10003296                __wrap___aeabi_dmul
 .text.__wrap___aeabi_cdcmple
                0x100032b0       0x6c CMakeFiles/blink.dir/C_/Users/Admin/Desktop/Pico/pico-sdk/src/rp2_common/pico_double/double_aeabi.S.obj
                0x100032b0                __wrap___aeabi_cdrcmple
                0x100032c0                __wrap___aeabi_cdcmpeq
                0x100032c0                __wrap___aeabi_cdcmple
 .text.__wrap___aeabi_dcmplt
                0x1000331c        0xc CMakeFiles/blink.dir/C_/Users/Admin/Desktop/Pico/pico-sdk/src/rp2_common/pico_double/double_aeabi.S.obj
                0x1000331c                __wrap___aeabi_dcmplt
 .text.__wrap___aeabi_dcmple
                0x10003328       0x10 CMakeFiles/blink.dir/C_/Users/Admin/Desktop/Pico/pico-sdk/src/rp2_common/pico_double/double_aeabi.S.obj
                0x10003328                __wrap___aeabi_dcmple
 .text.__wrap___aeabi_dcmpge
                0x10003338       0x10 CMakeFiles/blink.dir/C_/Users/Admin/Desktop/Pico/pico-sdk/src/rp2_common/pico_double/double_aeabi.S.obj
                0x10003338                __wrap___aeabi_dcmpge
 .text.__wrap___aeabi_dcmpgt
                0x10003348        0xa CMakeFiles/blink.dir/C_/Users/Admin/Desktop/Pico/pico-sdk/src/rp2_common/pico_double/double_aeabi.S.obj
                0x10003348                __wrap___aeabi_dcmpgt
 .text.__wrap___aeabi_dcmpun
                0x10003352       0x1c CMakeFiles/blink.dir/C_/Users/Admin/Desktop/Pico/pico-sdk/src/rp2_common/pico_double/double_aeabi.S.obj
                0x10003352                __wrap___aeabi_dcmpun
 *fill*         0x1000336e        0x2 
 .text.__wrap___aeabi_i2d
                0x10003370       0x38 CMakeFiles/blink.dir/C_/Users/Admin/Desktop/Pico/pico-sdk/src/rp2_common/pico_double/double_aeabi.S.obj
                0x10003370                __wrap___aeabi_ui2d
                0x10003378                __wrap___aeabi_i2d
 .text.__wrap___aeabi_d2iz
                0x100033a8       0x48 CMakeFiles/blink.dir/C_/Users/Admin/Desktop/Pico/pico-sdk/src/rp2_common/pico_double/double_aeabi.S.obj
                0x100033a8                double2int_z
                0x100033a8                __wrap___aeabi_d2iz
 .text.__wrap___aeabi_d2uiz
                0x100033f0       0x18 CMakeFiles/blink.dir/C_/Users/Admin/Desktop/Pico/pico-sdk/src/rp2_common/pico_double/double_aeabi.S.obj
                0x100033f0                __wrap___aeabi_d2uiz
                0x100033f0                double2uint
 .text.__aeabi_double_init
                0x10003408       0xc8 CMakeFiles/blink.dir/C_/Users/Admin/Desktop/Pico/pico-sdk/src/rp2_common/pico_double/double_init_rom.c.obj
                0x10003408                __aeabi_double_init
 .text.double_table_shim_on_use_helper
                0x100034d0       0x34 CMakeFiles/blink.dir/C_/Users/Admin/Desktop/Pico/pico-sdk/src/rp2_common/pico_double/double_v1_rom_shim.S.obj
                0x100034d0                double_table_shim_on_use_helper
 .text.__wrap___aeabi_dsub
                0x10003504       0x10 CMakeFiles/blink.dir/C_/Users/Admin/Desktop/Pico/pico-sdk/src/rp2_common/pico_double/double_v1_rom_shim.S.obj
                0x10003504                drsub_shim
                0x1000350a                dsub_shim
 .text.dadd_shim
                0x10003514      0x15c CMakeFiles/blink.dir/C_/Users/Admin/Desktop/Pico/pico-sdk/src/rp2_common/pico_double/double_v1_rom_shim.S.obj
                0x10003514                dadd_shim
 .text.dmul_shim
                0x10003670      0x15c CMakeFiles/blink.dir/C_/Users/Admin/Desktop/Pico/pico-sdk/src/rp2_common/pico_double/double_v1_rom_shim.S.obj
                0x10003670                dmul_shim
 .text.ddiv_shim
                0x100037cc      0x1b0 CMakeFiles/blink.dir/C_/Users/Admin/Desktop/Pico/pico-sdk/src/rp2_common/pico_double/double_v1_rom_shim.S.obj
                0x100037cc                ddiv_shim
 .text.double2uint_shim
                0x1000397c        0xe CMakeFiles/blink.dir/C_/Users/Admin/Desktop/Pico/pico-sdk/src/rp2_common/pico_double/double_v1_rom_shim.S.obj
                0x1000397c                double2uint_shim
                0x1000397e                double2ufix_shim
 *fill*         0x1000398a        0x2 
 .text.double2uint64_shim
                0x1000398c       0x70 CMakeFiles/blink.dir/C_/Users/Admin/Desktop/Pico/pico-sdk/src/rp2_common/pico_double/double_v1_rom_shim.S.obj
                0x1000398c                double2uint64_shim
                0x1000398e                double2ufix64_shim
                0x100039ae                d2fix_a
 .text.dunpacks
                0x100039fc       0x3c CMakeFiles/blink.dir/C_/Users/Admin/Desktop/Pico/pico-sdk/src/rp2_common/pico_double/double_v1_rom_shim.S.obj
                0x100039fc                dunpacks
 .text.__aeabi_float_init
                0x10003a38       0xfc CMakeFiles/blink.dir/C_/Users/Admin/Desktop/Pico/pico-sdk/src/rp2_common/pico_float/float_init_rom.c.obj
                0x10003a38                __aeabi_float_init
 .text.float_table_shim_on_use_helper
                0x10003b34       0x34 CMakeFiles/blink.dir/C_/Users/Admin/Desktop/Pico/pico-sdk/src/rp2_common/pico_float/float_v1_rom_shim.S.obj
                0x10003b34                float_table_shim_on_use_helper
 .text.__wrap_malloc
                0x10003b68       0x24 CMakeFiles/blink.dir/C_/Users/Admin/Desktop/Pico/pico-sdk/src/rp2_common/pico_malloc/pico_malloc.c.obj
                0x10003b68                __wrap_malloc
 .text.__wrap_free
                0x10003b8c        0x8 CMakeFiles/blink.dir/C_/Users/Admin/Desktop/Pico/pico-sdk/src/rp2_common/pico_malloc/pico_malloc.c.obj
                0x10003b8c                __wrap_free
 .text          0x10003b94       0x10 CMakeFiles/blink.dir/C_/Users/Admin/Desktop/Pico/pico-sdk/src/rp2_common/pico_mem_ops/mem_ops_aeabi.S.obj
                0x10003b94                __aeabi_mem_init
 .text.memset   0x10003ba4        0xc CMakeFiles/blink.dir/C_/Users/Admin/Desktop/Pico/pico-sdk/src/rp2_common/pico_mem_ops/mem_ops_aeabi.S.obj
                0x10003ba4                __wrap_memset
 .text.memcpy   0x10003bb0        0xc CMakeFiles/blink.dir/C_/Users/Admin/Desktop/Pico/pico-sdk/src/rp2_common/pico_mem_ops/mem_ops_aeabi.S.obj
                0x10003bb0                __wrap_memcpy
                0x10003bb0                __wrap___aeabi_memcpy
 .text.stdio_out_chars_no_crlf
                0x10003bbc        0xe CMakeFiles/blink.dir/C_/Users/Admin/Desktop/Pico/pico-sdk/src/rp2_common/pico_stdio/stdio.c.obj
 *fill*         0x10003bca        0x2 
 .text.stdio_out_chars_crlf
                0x10003bcc       0x80 CMakeFiles/blink.dir/C_/Users/Admin/Desktop/Pico/pico-sdk/src/rp2_common/pico_stdio/stdio.c.obj
 .text.stdio_stack_buffer_flush
                0x10003c4c       0x44 CMakeFiles/blink.dir/C_/Users/Admin/Desktop/Pico/pico-sdk/src/rp2_common/pico_stdio/stdio.c.obj
 .text.stdio_buffered_printer
                0x10003c90       0x20 CMakeFiles/blink.dir/C_/Users/Admin/Desktop/Pico/pico-sdk/src/rp2_common/pico_stdio/stdio.c.obj
 .text.stdout_serialize_begin
                0x10003cb0       0x30 CMakeFiles/blink.dir/C_/Users/Admin/Desktop/Pico/pico-sdk/src/rp2_common/pico_stdio/stdio.c.obj
                0x10003cb0                stdout_serialize_begin
 .text.stdout_serialize_end
                0x10003ce0       0x10 CMakeFiles/blink.dir/C_/Users/Admin/Desktop/Pico/pico-sdk/src/rp2_common/pico_stdio/stdio.c.obj
                0x10003ce0                stdout_serialize_end
 .text.stdio_put_string
                0x10003cf0       0x98 CMakeFiles/blink.dir/C_/Users/Admin/Desktop/Pico/pico-sdk/src/rp2_common/pico_stdio/stdio.c.obj
 .text.stdio_set_driver_enabled
                0x10003d88       0x38 CMakeFiles/blink.dir/C_/Users/Admin/Desktop/Pico/pico-sdk/src/rp2_common/pico_stdio/stdio.c.obj
                0x10003d88                stdio_set_driver_enabled
 .text.stdio_flush
                0x10003dc0       0x20 CMakeFiles/blink.dir/C_/Users/Admin/Desktop/Pico/pico-sdk/src/rp2_common/pico_stdio/stdio.c.obj
                0x10003dc0                stdio_flush
 .text.__wrap_puts
                0x10003de0       0x1e CMakeFiles/blink.dir/C_/Users/Admin/Desktop/Pico/pico-sdk/src/rp2_common/pico_stdio/stdio.c.obj
                0x10003de0                __wrap_puts
 *fill*         0x10003dfe        0x2 
 .text.__wrap_vprintf
                0x10003e00       0x44 CMakeFiles/blink.dir/C_/Users/Admin/Desktop/Pico/pico-sdk/src/rp2_common/pico_stdio/stdio.c.obj
                0x10003e00                __wrap_vprintf
 .text.__wrap_printf
                0x10003e44       0x18 CMakeFiles/blink.dir/C_/Users/Admin/Desktop/Pico/pico-sdk/src/rp2_common/pico_stdio/stdio.c.obj
                0x10003e44                __wrap_printf
 .text.stdio_init_all
                0x10003e5c        0x8 CMakeFiles/blink.dir/C_/Users/Admin/Desktop/Pico/pico-sdk/src/rp2_common/pico_stdio/stdio.c.obj
                0x10003e5c                stdio_init_all
 .text.stdio_uart_out_chars
                0x10003e64       0x74 CMakeFiles/blink.dir/C_/Users/Admin/Desktop/Pico/pico-sdk/src/rp2_common/pico_stdio_uart/stdio_uart.c.obj
 .text.stdio_uart_in_chars
                0x10003ed8       0x58 CMakeFiles/blink.dir/C_/Users/Admin/Desktop/Pico/pico-sdk/src/rp2_common/pico_stdio_uart/stdio_uart.c.obj
                0x10003ed8                stdio_uart_in_chars
 .text.stdio_uart_init_full
                0x10003f30       0x3c CMakeFiles/blink.dir/C_/Users/Admin/Desktop/Pico/pico-sdk/src/rp2_common/pico_stdio_uart/stdio_uart.c.obj
                0x10003f30                stdio_uart_init_full
 .text.stdio_uart_init
                0x10003f6c       0x28 CMakeFiles/blink.dir/C_/Users/Admin/Desktop/Pico/pico-sdk/src/rp2_common/pico_stdio_uart/stdio_uart.c.obj
                0x10003f6c                stdio_uart_init
 .text          0x10003f94     0x128c ..\freertos\libfreertos.a(tasks.c.obj)
                0x10004254                xTaskCreate
                0x100042bc                vTaskDelete
                0x10004340                uxTaskPriorityGet
                0x10004360                uxTaskPriorityGetFromISR
                0x10004380                vTaskPrioritySet
                0x10004450                vTaskResume
                0x100044d4                xTaskResumeFromISR
                0x10004570                vTaskStartScheduler
                0x100045cc                vTaskEndScheduler
                0x100045e0                vTaskSuspendAll
                0x100045f0                xTaskGetTickCount
                0x100045fc                xTaskGetTickCountFromISR
                0x10004608                uxTaskGetNumberOfTasks
                0x10004614                pcTaskGetName
                0x10004628                xTaskIncrementTick
                0x10004754                xTaskResumeAll
                0x10004874                xTaskDelayUntil
                0x100048d4                vTaskDelay
                0x100048f4                xTaskCatchUpTicks
                0x10004918                vTaskSwitchContext
                0x10004990                vTaskSuspend
                0x10004a34                vTaskPlaceOnEventList
                0x10004a50                vTaskPlaceOnUnorderedEventList
                0x10004a90                vTaskPlaceOnEventListRestricted
                0x10004ad0                xTaskRemoveFromEventList
                0x10004ba4                vTaskRemoveFromUnorderedEventList
                0x10004c54                vTaskSetTimeOutState
                0x10004c70                vTaskInternalSetTimeOutState
                0x10004c80                xTaskCheckForTimeOut
                0x10004cd8                vTaskMissedYield
                0x10004ce4                vTaskSetThreadLocalStoragePointer
                0x10004d00                pvTaskGetThreadLocalStoragePointer
                0x10004d20                xTaskGetCurrentTaskHandle
                0x10004d2c                xTaskGetSchedulerState
                0x10004d4c                uxTaskResetEventItemValue
                0x10004d64                ulTaskGenericNotifyTake
                0x10004df0                xTaskGenericNotifyWait
                0x10004e90                xTaskGenericNotify
                0x10004f98                xTaskGenericNotifyFromISR
                0x100050dc                vTaskGenericNotifyGiveFromISR
                0x100051b8                xTaskGenericNotifyStateClear
                0x100051f0                ulTaskGenericNotifyValueClear
 .text          0x10005220      0x478 ..\freertos\libfreertos.a(timers.c.obj)
                0x10005526                xTimerCreateTimerTask
                0x10005560                xTimerCreate
                0x10005594                xTimerGenericCommand
                0x100055ec                xTimerGetTimerDaemonTaskHandle
                0x100055f8                xTimerGetPeriod
                0x100055fc                vTimerSetReloadMode
                0x10005626                xTimerGetReloadMode
                0x10005644                uxTimerGetReloadMode
                0x1000564c                xTimerGetExpiryTime
                0x10005650                pcTimerGetName
                0x10005654                xTimerIsTimerActive
                0x10005672                pvTimerGetTimerID
                0x10005684                vTimerSetTimerID
 .text          0x10005698       0x2e ..\freertos\libfreertos.a(heap_3.c.obj)
                0x10005698                pvPortMalloc
                0x100056b0                vPortFree
 *fill*         0x100056c6        0xa 
 .text          0x100056d0      0x18c ..\freertos\libfreertos.a(port.c.obj)
                0x10005714                pxPortInitialiseStack
                0x10005734                isr_svcall
                0x10005736                vPortEndScheduler
                0x10005738                vPortYield
                0x10005750                vPortEnterCritical
                0x10005768                vPortExitCritical
                0x1000577c                ulSetInterruptMaskFromISR
                0x10005784                vClearInterruptMaskFromISR
                0x1000578a                isr_pendsv
                0x100057d4                isr_systick
                0x100057f8                vPortSetupTimerInterrupt
                0x10005820                xPortStartScheduler
 .text          0x1000585c       0x86 ..\freertos\libfreertos.a(list.c.obj)
                0x1000585c                vListInitialise
                0x10005872                vListInitialiseItem
                0x10005878                vListInsertEnd
                0x1000588e                vListInsert
                0x100058bc                uxListRemove
 *fill*         0x100058e2        0x2 
 .text          0x100058e4      0x910 ..\freertos\libfreertos.a(queue.c.obj)
                0x10005a14                xQueueGenericReset
                0x10005ae8                xQueueGenericCreate
                0x10005b66                xQueueGenericSend
                0x10005c58                xQueueGenericSendFromISR
                0x10005cde                xQueueGiveFromISR
                0x10005d4e                xQueueReceive
                0x10005e3c                xQueueSemaphoreTake
                0x10005f20                xQueuePeek
                0x1000600e                xQueueReceiveFromISR
                0x1000608c                xQueuePeekFromISR
                0x100060ba                uxQueueMessagesWaiting
                0x100060cc                uxQueueSpacesAvailable
                0x100060e2                uxQueueMessagesWaitingFromISR
                0x100060e6                xQueueIsQueueEmptyFromISR
                0x100060f4                xQueueIsQueueFullFromISR
                0x10006104                vQueueAddToRegistry
                0x10006148                pcQueueGetName
                0x1000616c                vQueueUnregisterQueue
                0x10006194                vQueueDelete
                0x100061a4                vQueueWaitForMessageRestricted
 .text.malloc   0x100061f4       0x14 c:/progra~2/gnuarm~1/102021~1.10/bin/../lib/gcc/arm-none-eabi/10.3.1/../../../../arm-none-eabi/lib/thumb/v6-m/nofp\libg.a(lib_a-malloc.o)
                0x100061f4                malloc
 .text.free     0x10006208       0x14 c:/progra~2/gnuarm~1/102021~1.10/bin/../lib/gcc/arm-none-eabi/10.3.1/../../../../arm-none-eabi/lib/thumb/v6-m/nofp\libg.a(lib_a-malloc.o)
                0x10006208                free
 .text._malloc_r
                0x1000621c      0x584 c:/progra~2/gnuarm~1/102021~1.10/bin/../lib/gcc/arm-none-eabi/10.3.1/../../../../arm-none-eabi/lib/thumb/v6-m/nofp\libg.a(lib_a-mallocr.o)
                0x1000621c                _malloc_r
 .text.__malloc_lock
                0x100067a0       0x10 c:/progra~2/gnuarm~1/102021~1.10/bin/../lib/gcc/arm-none-eabi/10.3.1/../../../../arm-none-eabi/lib/thumb/v6-m/nofp\libg.a(lib_a-mlock.o)
                0x100067a0                __malloc_lock
 .text.__malloc_unlock
                0x100067b0       0x10 c:/progra~2/gnuarm~1/102021~1.10/bin/../lib/gcc/arm-none-eabi/10.3.1/../../../../arm-none-eabi/lib/thumb/v6-m/nofp\libg.a(lib_a-mlock.o)
                0x100067b0                __malloc_unlock
 .text._sbrk_r  0x100067c0       0x24 c:/progra~2/gnuarm~1/102021~1.10/bin/../lib/gcc/arm-none-eabi/10.3.1/../../../../arm-none-eabi/lib/thumb/v6-m/nofp\libg.a(lib_a-sbrkr.o)
                0x100067c0                _sbrk_r
 .text.strlen   0x100067e4       0x5c c:/progra~2/gnuarm~1/102021~1.10/bin/../lib/gcc/arm-none-eabi/10.3.1/../../../../arm-none-eabi/lib/thumb/v6-m/nofp\libg.a(lib_a-strlen-stub.o)
                0x100067e4                strlen
 .text._malloc_trim_r
                0x10006840       0x9c c:/progra~2/gnuarm~1/102021~1.10/bin/../lib/gcc/arm-none-eabi/10.3.1/../../../../arm-none-eabi/lib/thumb/v6-m/nofp\libg.a(lib_a-freer.o)
                0x10006840                _malloc_trim_r
 .text._free_r  0x100068dc      0x1c4 c:/progra~2/gnuarm~1/102021~1.10/bin/../lib/gcc/arm-none-eabi/10.3.1/../../../../arm-none-eabi/lib/thumb/v6-m/nofp\libg.a(lib_a-freer.o)
                0x100068dc                _free_r
 .text.__retarget_lock_acquire_recursive
                0x10006aa0        0x4 c:/progra~2/gnuarm~1/102021~1.10/bin/../lib/gcc/arm-none-eabi/10.3.1/../../../../arm-none-eabi/lib/thumb/v6-m/nofp\libg.a(lib_a-lock.o)
                0x10006aa0                __retarget_lock_acquire_recursive
 .text.__retarget_lock_release_recursive
                0x10006aa4        0x4 c:/progra~2/gnuarm~1/102021~1.10/bin/../lib/gcc/arm-none-eabi/10.3.1/../../../../arm-none-eabi/lib/thumb/v6-m/nofp\libg.a(lib_a-lock.o)
                0x10006aa4                __retarget_lock_release_recursive
 *(.fini)
 .fini          0x10006aa8        0x4 c:/progra~2/gnuarm~1/102021~1.10/bin/../lib/gcc/arm-none-eabi/10.3.1/thumb/v6-m/nofp/crti.o
                0x10006aa8                _fini
 *fill*         0x10006aac        0x4 
 .fini.__stub   0x10006ab0       0x50 linker stubs
 *crtbegin.o(.ctors)
 *crtbegin?.o(.ctors)
 *(EXCLUDE_FILE(*crtend.o *crtend?.o) .ctors)
 *(SORT_BY_NAME(.ctors.*))
 *(.ctors)
 *crtbegin.o(.dtors)
 *crtbegin?.o(.dtors)
 *(EXCLUDE_FILE(*crtend.o *crtend?.o) .dtors)
 *(SORT_BY_NAME(.dtors.*))
 *(.dtors)
 *(.eh_frame*)
 .eh_frame      0x10006b00        0x0 c:/progra~2/gnuarm~1/102021~1.10/bin/../lib/gcc/arm-none-eabi/10.3.1/thumb/v6-m/nofp/crtbegin.o
                0x10006b00                . = ALIGN (0x4)

.glue_7         0x10006b00        0x0
 .glue_7        0x10006b00        0x0 linker stubs

.glue_7t        0x10006b00        0x0
 .glue_7t       0x10006b00        0x0 linker stubs

.vfp11_veneer   0x10006b00        0x0
 .vfp11_veneer  0x10006b00        0x0 linker stubs

.v4_bx          0x10006b00        0x0
 .v4_bx         0x10006b00        0x0 linker stubs

.iplt           0x10006b00        0x0
 .iplt          0x10006b00        0x0 c:/progra~2/gnuarm~1/102021~1.10/bin/../lib/gcc/arm-none-eabi/10.3.1/thumb/v6-m/nofp/crtbegin.o

.rodata         0x10006b00      0xe7c
 *(EXCLUDE_FILE(*libm.a: *libc.a:*lib_a-mem*.o *libgcc.a:) .rodata*)
 .rodata.main.str1.4
                0x10006b00        0x9 CMakeFiles/blink.dir/main.c.obj
 *fill*         0x10006b09        0x3 
 .rodata.repeating_timer_callback.str1.4
                0x10006b0c       0x55 CMakeFiles/blink.dir/C_/Users/Admin/Desktop/Pico/pico-sdk/src/common/pico_time/time.c.obj
 *fill*         0x10006b61        0x3 
 .rodata.alarm_pool_dump_key.str1.4
                0x10006b64       0x33 CMakeFiles/blink.dir/C_/Users/Admin/Desktop/Pico/pico-sdk/src/common/pico_time/time.c.obj
 *fill*         0x10006b97        0x1 
 .rodata.ph_add_child_node.str1.4
                0x10006b98       0x9e CMakeFiles/blink.dir/C_/Users/Admin/Desktop/Pico/pico-sdk/src/common/pico_time/time.c.obj
 *fill*         0x10006c36        0x2 
 .rodata.add_alarm_under_lock.str1.4
                0x10006c38       0x28 CMakeFiles/blink.dir/C_/Users/Admin/Desktop/Pico/pico-sdk/src/common/pico_time/time.c.obj
                                 0x2b (size before relaxing)
 .rodata.alarm_pool_alarm_callback.str1.4
                0x10006c60       0xee CMakeFiles/blink.dir/C_/Users/Admin/Desktop/Pico/pico-sdk/src/common/pico_time/time.c.obj
 *fill*         0x10006d4e        0x2 
 .rodata.__func__.10
                0x10006d50       0x15 CMakeFiles/blink.dir/C_/Users/Admin/Desktop/Pico/pico-sdk/src/common/pico_time/time.c.obj
 *fill*         0x10006d65        0x3 
 .rodata.__func__.11
                0x10006d68       0x1a CMakeFiles/blink.dir/C_/Users/Admin/Desktop/Pico/pico-sdk/src/common/pico_time/time.c.obj
 *fill*         0x10006d82        0x2 
 .rodata.__func__.12
                0x10006d84        0xa CMakeFiles/blink.dir/C_/Users/Admin/Desktop/Pico/pico-sdk/src/common/pico_time/time.c.obj
 *fill*         0x10006d8e        0x2 
 .rodata.__func__.4
                0x10006d90       0x12 CMakeFiles/blink.dir/C_/Users/Admin/Desktop/Pico/pico-sdk/src/common/pico_time/time.c.obj
 *fill*         0x10006da2        0x2 
 .rodata.__func__.5
                0x10006da4        0xd CMakeFiles/blink.dir/C_/Users/Admin/Desktop/Pico/pico-sdk/src/common/pico_time/time.c.obj
 *fill*         0x10006db1        0x3 
 .rodata.__func__.6
                0x10006db4       0x12 CMakeFiles/blink.dir/C_/Users/Admin/Desktop/Pico/pico-sdk/src/common/pico_time/time.c.obj
 *fill*         0x10006dc6        0x2 
 .rodata.__func__.7
                0x10006dc8        0xf CMakeFiles/blink.dir/C_/Users/Admin/Desktop/Pico/pico-sdk/src/common/pico_time/time.c.obj
 *fill*         0x10006dd7        0x1 
 .rodata.__func__.8
                0x10006dd8        0xc CMakeFiles/blink.dir/C_/Users/Admin/Desktop/Pico/pico-sdk/src/common/pico_time/time.c.obj
 .rodata.__func__.9
                0x10006de4       0x15 CMakeFiles/blink.dir/C_/Users/Admin/Desktop/Pico/pico-sdk/src/common/pico_time/time.c.obj
 *fill*         0x10006df9        0x3 
 .rodata.hardware_alarm_claim.str1.4
                0x10006dfc       0x22 CMakeFiles/blink.dir/C_/Users/Admin/Desktop/Pico/pico-sdk/src/rp2_common/hardware_timer/timer.c.obj
 *fill*         0x10006e1e        0x2 
 .rodata.hardware_alarm_set_target.str1.4
                0x10006e20       0x6f CMakeFiles/blink.dir/C_/Users/Admin/Desktop/Pico/pico-sdk/src/rp2_common/hardware_timer/timer.c.obj
 *fill*         0x10006e8f        0x1 
 .rodata.__func__.0
                0x10006e90       0x1a CMakeFiles/blink.dir/C_/Users/Admin/Desktop/Pico/pico-sdk/src/rp2_common/hardware_timer/timer.c.obj
 *fill*         0x10006eaa        0x2 
 .rodata.str1.4
                0x10006eac       0x95 CMakeFiles/blink.dir/C_/Users/Admin/Desktop/Pico/pico-sdk/src/common/pico_sync/mutex.c.obj
                                0x101 (size before relaxing)
 *fill*         0x10006f41        0x3 
 .rodata.__func__.1
                0x10006f44        0xb CMakeFiles/blink.dir/C_/Users/Admin/Desktop/Pico/pico-sdk/src/common/pico_sync/mutex.c.obj
 .rodata.ph_add_child_node.str1.4
                0x10006f4f       0x9e CMakeFiles/blink.dir/C_/Users/Admin/Desktop/Pico/pico-sdk/src/common/pico_util/pheap.c.obj
 *fill*         0x10006f4f        0x1 
 .rodata.ph_remove_any_head.str1.4
                0x10006f50       0x98 CMakeFiles/blink.dir/C_/Users/Admin/Desktop/Pico/pico-sdk/src/common/pico_util/pheap.c.obj
 .rodata.ph_remove_and_free_node.str1.4
                0x10006fe8       0x26 CMakeFiles/blink.dir/C_/Users/Admin/Desktop/Pico/pico-sdk/src/common/pico_util/pheap.c.obj
 *fill*         0x1000700e        0x2 
 .rodata.__func__.0
                0x10007010       0x18 CMakeFiles/blink.dir/C_/Users/Admin/Desktop/Pico/pico-sdk/src/common/pico_util/pheap.c.obj
 .rodata.__func__.1
                0x10007028       0x13 CMakeFiles/blink.dir/C_/Users/Admin/Desktop/Pico/pico-sdk/src/common/pico_util/pheap.c.obj
 *fill*         0x1000703b        0x1 
 .rodata.__func__.2
                0x1000703c       0x12 CMakeFiles/blink.dir/C_/Users/Admin/Desktop/Pico/pico-sdk/src/common/pico_util/pheap.c.obj
 *fill*         0x1000704e        0x2 
 .rodata.__func__.3
                0x10007050        0xc CMakeFiles/blink.dir/C_/Users/Admin/Desktop/Pico/pico-sdk/src/common/pico_util/pheap.c.obj
 .rodata.__assert_func.str1.4
                0x1000705c       0x3f CMakeFiles/blink.dir/C_/Users/Admin/Desktop/Pico/pico-sdk/src/rp2_common/pico_runtime/runtime.c.obj
                                 0x43 (size before relaxing)
 *fill*         0x1000709b        0x1 
 .rodata.runtime_init.str1.4
                0x1000709c       0x6b CMakeFiles/blink.dir/C_/Users/Admin/Desktop/Pico/pico-sdk/src/rp2_common/pico_runtime/runtime.c.obj
 *fill*         0x10007107        0x1 
 .rodata.panic.str1.4
                0x10007108       0x12 CMakeFiles/blink.dir/C_/Users/Admin/Desktop/Pico/pico-sdk/src/rp2_common/pico_runtime/runtime.c.obj
 *fill*         0x1000711a        0x2 
 .rodata.__func__.1
                0x1000711c        0xd CMakeFiles/blink.dir/C_/Users/Admin/Desktop/Pico/pico-sdk/src/rp2_common/pico_runtime/runtime.c.obj
 *fill*         0x10007129        0x3 
 .rodata.clock_configure.str1.4
                0x1000712c       0x61 CMakeFiles/blink.dir/C_/Users/Admin/Desktop/Pico/pico-sdk/src/rp2_common/hardware_clocks/clocks.c.obj
 *fill*         0x1000718d        0x3 
 .rodata.__func__.1
                0x10007190       0x10 CMakeFiles/blink.dir/C_/Users/Admin/Desktop/Pico/pico-sdk/src/rp2_common/hardware_clocks/clocks.c.obj
 .rodata.make_branch.str1.4
                0x100071a0       0x57 CMakeFiles/blink.dir/C_/Users/Admin/Desktop/Pico/pico-sdk/src/rp2_common/hardware_irq/irq.c.obj
 *fill*         0x100071f7        0x1 
 .rodata.irq_set_exclusive_handler.str1.4
                0x100071f8       0x36 CMakeFiles/blink.dir/C_/Users/Admin/Desktop/Pico/pico-sdk/src/rp2_common/hardware_irq/irq.c.obj
 *fill*         0x1000722e        0x2 
 .rodata.irq_add_shared_handler.str1.4
                0x10007230       0xd9 CMakeFiles/blink.dir/C_/Users/Admin/Desktop/Pico/pico-sdk/src/rp2_common/hardware_irq/irq.c.obj
 *fill*         0x10007309        0x3 
 .rodata.irq_remove_handler.str1.4
                0x1000730c       0x2a CMakeFiles/blink.dir/C_/Users/Admin/Desktop/Pico/pico-sdk/src/rp2_common/hardware_irq/irq.c.obj
 *fill*         0x10007336        0x2 
 .rodata.irq_add_tail_to_free_list.str1.4
                0x10007338       0x32 CMakeFiles/blink.dir/C_/Users/Admin/Desktop/Pico/pico-sdk/src/rp2_common/hardware_irq/irq.c.obj
                                 0x3a (size before relaxing)
 *fill*         0x1000736a        0x2 
 .rodata.__func__.0
                0x1000736c       0x1a CMakeFiles/blink.dir/C_/Users/Admin/Desktop/Pico/pico-sdk/src/rp2_common/hardware_irq/irq.c.obj
 *fill*         0x10007386        0x2 
 .rodata.__func__.1
                0x10007388       0x17 CMakeFiles/blink.dir/C_/Users/Admin/Desktop/Pico/pico-sdk/src/rp2_common/hardware_irq/irq.c.obj
 *fill*         0x1000739f        0x1 
 .rodata.__func__.2
                0x100073a0       0x13 CMakeFiles/blink.dir/C_/Users/Admin/Desktop/Pico/pico-sdk/src/rp2_common/hardware_irq/irq.c.obj
 *fill*         0x100073b3        0x1 
 .rodata.__func__.3
                0x100073b4        0xc CMakeFiles/blink.dir/C_/Users/Admin/Desktop/Pico/pico-sdk/src/rp2_common/hardware_irq/irq.c.obj
 .rodata.__func__.4
                0x100073c0        0xf CMakeFiles/blink.dir/C_/Users/Admin/Desktop/Pico/pico-sdk/src/rp2_common/hardware_irq/irq.c.obj
 *fill*         0x100073cf        0x1 
 .rodata.__func__.6
                0x100073d0       0x1a CMakeFiles/blink.dir/C_/Users/Admin/Desktop/Pico/pico-sdk/src/rp2_common/hardware_irq/irq.c.obj
 *fill*         0x100073ea        0x2 
 .rodata.pll_init.str1.4
                0x100073ec       0xe3 CMakeFiles/blink.dir/C_/Users/Admin/Desktop/Pico/pico-sdk/src/rp2_common/hardware_pll/pll.c.obj
 *fill*         0x100074cf        0x1 
 .rodata.__func__.0
                0x100074d0        0x9 CMakeFiles/blink.dir/C_/Users/Admin/Desktop/Pico/pico-sdk/src/rp2_common/hardware_pll/pll.c.obj
 *fill*         0x100074d9        0x3 
 .rodata._ftoa.str1.4
                0x100074dc       0x15 CMakeFiles/blink.dir/C_/Users/Admin/Desktop/Pico/pico-sdk/src/rp2_common/pico_printf/printf.c.obj
 *fill*         0x100074f1        0x3 
 .rodata._vsnprintf
                0x100074f4      0x1e0 CMakeFiles/blink.dir/C_/Users/Admin/Desktop/Pico/pico-sdk/src/rp2_common/pico_printf/printf.c.obj
 *fill*         0x100076d4        0x4 
 .rodata.pow10.0
                0x100076d8       0x50 CMakeFiles/blink.dir/C_/Users/Admin/Desktop/Pico/pico-sdk/src/rp2_common/pico_printf/printf.c.obj
 .rodata.__aeabi_double_init.str1.4
                0x10007728       0xb2 CMakeFiles/blink.dir/C_/Users/Admin/Desktop/Pico/pico-sdk/src/rp2_common/pico_double/double_init_rom.c.obj
 *fill*         0x100077da        0x2 
 .rodata.__func__.0
                0x100077dc       0x14 CMakeFiles/blink.dir/C_/Users/Admin/Desktop/Pico/pico-sdk/src/rp2_common/pico_double/double_init_rom.c.obj
 .rodata.__aeabi_float_init.str1.4
                0x100077f0       0x84 CMakeFiles/blink.dir/C_/Users/Admin/Desktop/Pico/pico-sdk/src/rp2_common/pico_float/float_init_rom.c.obj
                                 0x88 (size before relaxing)
 .rodata.__func__.0
                0x10007874       0x13 CMakeFiles/blink.dir/C_/Users/Admin/Desktop/Pico/pico-sdk/src/rp2_common/pico_float/float_init_rom.c.obj
 *fill*         0x10007887        0x1 
 .rodata.__wrap_malloc.str1.4
                0x10007888        0xe CMakeFiles/blink.dir/C_/Users/Admin/Desktop/Pico/pico-sdk/src/rp2_common/pico_malloc/pico_malloc.c.obj
 *fill*         0x10007896        0x2 
 .rodata.str1.4
                0x10007898       0x3c CMakeFiles/blink.dir/C_/Users/Admin/Desktop/Pico/pico-sdk/src/rp2_common/pico_standard_link/binary_info.c.obj
 .rodata.__bi_44
                0x100078d4        0xc CMakeFiles/blink.dir/C_/Users/Admin/Desktop/Pico/pico-sdk/src/rp2_common/pico_standard_link/binary_info.c.obj
 .rodata.__bi_75
                0x100078e0        0xc CMakeFiles/blink.dir/C_/Users/Admin/Desktop/Pico/pico-sdk/src/rp2_common/pico_standard_link/binary_info.c.obj
 .rodata.__bi_81
                0x100078ec        0xc CMakeFiles/blink.dir/C_/Users/Admin/Desktop/Pico/pico-sdk/src/rp2_common/pico_standard_link/binary_info.c.obj
 .rodata.crlf_str.3
                0x100078f8        0x2 CMakeFiles/blink.dir/C_/Users/Admin/Desktop/Pico/pico-sdk/src/rp2_common/pico_stdio/stdio.c.obj
 *fill*         0x100078fa        0x2 
 .rodata.str1.4
                0x100078fc       0x2c CMakeFiles/blink.dir/C_/Users/Admin/Desktop/Pico/pico-sdk/src/rp2_common/pico_stdio_uart/stdio_uart.c.obj
 .rodata.__bi_28.4
                0x10007928        0xc CMakeFiles/blink.dir/C_/Users/Admin/Desktop/Pico/pico-sdk/src/rp2_common/pico_stdio_uart/stdio_uart.c.obj
 .rodata.__bi_29.5
                0x10007934        0x8 CMakeFiles/blink.dir/C_/Users/Admin/Desktop/Pico/pico-sdk/src/rp2_common/pico_stdio_uart/stdio_uart.c.obj
 .rodata.str1.4
                0x1000793c        0x5 ..\freertos\libfreertos.a(tasks.c.obj)
 *fill*         0x10007941        0x3 
 .rodata        0x10007944       0x28 ..\freertos\libfreertos.a(timers.c.obj)
 .rodata.str1.4
                0x1000796c       0x10 ..\freertos\libfreertos.a(timers.c.obj)
                0x1000797c                . = ALIGN (0x4)
 *(SORT_BY_ALIGNMENT(SORT_BY_NAME(.flashdata*)))
                0x1000797c                . = ALIGN (0x4)

.rel.dyn        0x1000797c        0x0
 .rel.iplt      0x1000797c        0x0 c:/progra~2/gnuarm~1/102021~1.10/bin/../lib/gcc/arm-none-eabi/10.3.1/thumb/v6-m/nofp/crtbegin.o

.ARM.extab
 *(.ARM.extab* .gnu.linkonce.armextab.*)
                0x1000797c                __exidx_start = .

.ARM.exidx
 *(.ARM.exidx* .gnu.linkonce.armexidx.*)
                0x1000797c                __exidx_end = .
                0x1000797c                . = ALIGN (0x4)
                0x1000797c                __binary_info_start = .

.binary_info    0x1000797c       0x24
 *(.binary_info.keep.*)
 .binary_info.keep.__bi_ptr22
                0x1000797c        0x4 CMakeFiles/blink.dir/C_/Users/Admin/Desktop/Pico/pico-sdk/src/rp2_common/pico_standard_link/binary_info.c.obj
 .binary_info.keep.__bi_ptr30
                0x10007980        0x4 CMakeFiles/blink.dir/C_/Users/Admin/Desktop/Pico/pico-sdk/src/rp2_common/pico_standard_link/binary_info.c.obj
 .binary_info.keep.__bi_ptr38
                0x10007984        0x4 CMakeFiles/blink.dir/C_/Users/Admin/Desktop/Pico/pico-sdk/src/rp2_common/pico_standard_link/binary_info.c.obj
 .binary_info.keep.__bi_ptr44
                0x10007988        0x4 CMakeFiles/blink.dir/C_/Users/Admin/Desktop/Pico/pico-sdk/src/rp2_common/pico_standard_link/binary_info.c.obj
 .binary_info.keep.__bi_ptr50
                0x1000798c        0x4 CMakeFiles/blink.dir/C_/Users/Admin/Desktop/Pico/pico-sdk/src/rp2_common/pico_standard_link/binary_info.c.obj
 .binary_info.keep.__bi_ptr75
                0x10007990        0x4 CMakeFiles/blink.dir/C_/Users/Admin/Desktop/Pico/pico-sdk/src/rp2_common/pico_standard_link/binary_info.c.obj
 .binary_info.keep.__bi_ptr81
                0x10007994        0x4 CMakeFiles/blink.dir/C_/Users/Admin/Desktop/Pico/pico-sdk/src/rp2_common/pico_standard_link/binary_info.c.obj
 *(.binary_info.*)
 .binary_info.__bi_ptr28
                0x10007998        0x4 CMakeFiles/blink.dir/C_/Users/Admin/Desktop/Pico/pico-sdk/src/rp2_common/pico_stdio_uart/stdio_uart.c.obj
 .binary_info.__bi_ptr29
                0x1000799c        0x4 CMakeFiles/blink.dir/C_/Users/Admin/Desktop/Pico/pico-sdk/src/rp2_common/pico_stdio_uart/stdio_uart.c.obj
                0x100079a0                __binary_info_end = .
                0x100079a0                . = ALIGN (0x4)
                0x100079a0                __etext = .

.ram_vector_table
                0x20000000       0xc0
 *(.ram_vector_table)
 .ram_vector_table
                0x20000000       0xc0 CMakeFiles/blink.dir/C_/Users/Admin/Desktop/Pico/pico-sdk/src/rp2_common/pico_runtime/runtime.c.obj
                0x20000000                ram_vector_table

.data           0x200000c0      0xa04 load address 0x100079a0
                0x200000c0                __data_start__ = .
 *(vtable)
 *(.time_critical*)
 .time_critical.mutex_enter_blocking
                0x200000c0       0x48 CMakeFiles/blink.dir/C_/Users/Admin/Desktop/Pico/pico-sdk/src/common/pico_sync/mutex.c.obj
                0x200000c0                mutex_enter_blocking
 .time_critical.mutex_try_enter
                0x20000108       0x46 CMakeFiles/blink.dir/C_/Users/Admin/Desktop/Pico/pico-sdk/src/common/pico_sync/mutex.c.obj
                0x20000108                mutex_try_enter
 *fill*         0x2000014e        0x2 
 .time_critical.mutex_exit
                0x20000150       0x4c CMakeFiles/blink.dir/C_/Users/Admin/Desktop/Pico/pico-sdk/src/common/pico_sync/mutex.c.obj
                0x20000150                mutex_exit
 *(.text*)
 .text          0x2000019c        0x4 c:/progra~2/gnuarm~1/102021~1.10/bin/../lib/gcc/arm-none-eabi/10.3.1/thumb/v6-m/nofp\libgcc.a(_dvmd_tls.o)
                0x2000019c                __aeabi_idiv0
                0x2000019c                __aeabi_ldiv0
 .text.__stub   0x200001a0       0x10 linker stubs
                0x200001b0                . = ALIGN (0x4)
 *(.rodata*)
                0x200001b0                . = ALIGN (0x4)
 *(.data*)
 .data.striped_spin_lock_num
                0x200001b0        0x1 CMakeFiles/blink.dir/C_/Users/Admin/Desktop/Pico/pico-sdk/src/rp2_common/hardware_sync/sync.c.obj
 *fill*         0x200001b1        0x3 
 .data.default_alarm_pool
                0x200001b4       0x18 CMakeFiles/blink.dir/C_/Users/Admin/Desktop/Pico/pico-sdk/src/common/pico_time/time.c.obj
 .data.default_alarm_pool_heap
                0x200001cc       0x10 CMakeFiles/blink.dir/C_/Users/Admin/Desktop/Pico/pico-sdk/src/common/pico_time/time.c.obj
 .data          0x200001dc       0x48 CMakeFiles/blink.dir/C_/Users/Admin/Desktop/Pico/pico-sdk/src/rp2_common/hardware_irq/irq_handler_chain.S.obj
                0x200001dc                irq_handler_chain_slots
                0x2000020c                irq_handler_chain_first_slot
                0x20000216                irq_handler_chain_remove_tail
 *fill*         0x20000224        0xc 
 .data.aeabi_bits_funcs
                0x20000230       0x10 CMakeFiles/blink.dir/C_/Users/Admin/Desktop/Pico/pico-sdk/src/rp2_common/pico_bit_ops/bit_ops_aeabi.S.obj
                0x20000230                aeabi_bits_funcs
                0x20000240                aeabi_bits_funcs_end
 .data.aeabi_mem_funcs
                0x20000240       0x10 CMakeFiles/blink.dir/C_/Users/Admin/Desktop/Pico/pico-sdk/src/rp2_common/pico_mem_ops/mem_ops_aeabi.S.obj
                0x20000240                aeabi_mem_funcs
                0x20000250                aeabi_mem_funcs_end
 .data.stdio_uart
                0x20000250       0x14 CMakeFiles/blink.dir/C_/Users/Admin/Desktop/Pico/pico-sdk/src/rp2_common/pico_stdio_uart/stdio_uart.c.obj
                0x20000250                stdio_uart
 .data          0x20000264        0x4 ..\freertos\libfreertos.a(tasks.c.obj)
                0x20000264                uxTopUsedPriority
 .data          0x20000268        0x4 ..\freertos\libfreertos.a(port.c.obj)
 .data._impure_ptr
                0x2000026c        0x4 c:/progra~2/gnuarm~1/102021~1.10/bin/../lib/gcc/arm-none-eabi/10.3.1/../../../../arm-none-eabi/lib/thumb/v6-m/nofp\libg.a(lib_a-impure.o)
                0x2000026c                _impure_ptr
 .data.impure_data
                0x20000270      0x428 c:/progra~2/gnuarm~1/102021~1.10/bin/../lib/gcc/arm-none-eabi/10.3.1/../../../../arm-none-eabi/lib/thumb/v6-m/nofp\libg.a(lib_a-impure.o)
 .data.__malloc_av_
                0x20000698      0x408 c:/progra~2/gnuarm~1/102021~1.10/bin/../lib/gcc/arm-none-eabi/10.3.1/../../../../arm-none-eabi/lib/thumb/v6-m/nofp\libg.a(lib_a-mallocr.o)
                0x20000698                __malloc_av_
 .data.__malloc_sbrk_base
                0x20000aa0        0x4 c:/progra~2/gnuarm~1/102021~1.10/bin/../lib/gcc/arm-none-eabi/10.3.1/../../../../arm-none-eabi/lib/thumb/v6-m/nofp\libg.a(lib_a-mallocr.o)
                0x20000aa0                __malloc_sbrk_base
 .data.__malloc_trim_threshold
                0x20000aa4        0x4 c:/progra~2/gnuarm~1/102021~1.10/bin/../lib/gcc/arm-none-eabi/10.3.1/../../../../arm-none-eabi/lib/thumb/v6-m/nofp\libg.a(lib_a-mallocr.o)
                0x20000aa4                __malloc_trim_threshold
                0x20000aa8                . = ALIGN (0x4)
 *(.after_data.*)
                0x20000aa8                . = ALIGN (0x4)
                0x20000aa8                PROVIDE (__mutex_array_start = .)
 *(SORT_BY_NAME(.mutex_array.*))
 *(.mutex_array)
 .mutex_array   0x20000aa8        0x8 CMakeFiles/blink.dir/C_/Users/Admin/Desktop/Pico/pico-sdk/src/rp2_common/pico_stdio/stdio.c.obj
                0x20000ab0                PROVIDE (__mutex_array_end = .)
                0x20000ab0                . = ALIGN (0x4)
                0x20000ab0                PROVIDE (__preinit_array_start = .)
 *(SORT_BY_NAME(.preinit_array.*))
 .preinit_array.00001
                0x20000ab0        0x4 CMakeFiles/blink.dir/C_/Users/Admin/Desktop/Pico/pico-sdk/src/rp2_common/pico_mem_ops/mem_ops_aeabi.S.obj
 .preinit_array.00010
                0x20000ab4        0x4 CMakeFiles/blink.dir/C_/Users/Admin/Desktop/Pico/pico-sdk/src/rp2_common/pico_bit_ops/bit_ops_aeabi.S.obj
 .preinit_array.00020
                0x20000ab8        0x4 CMakeFiles/blink.dir/C_/Users/Admin/Desktop/Pico/pico-sdk/src/rp2_common/pico_double/double_aeabi.S.obj
 .preinit_array.00020
                0x20000abc        0x4 CMakeFiles/blink.dir/C_/Users/Admin/Desktop/Pico/pico-sdk/src/rp2_common/pico_float/float_aeabi.S.obj
 *(.preinit_array)
                0x20000ac0                PROVIDE (__preinit_array_end = .)
                0x20000ac0                . = ALIGN (0x4)
                0x20000ac0                PROVIDE (__init_array_start = .)
 *(SORT_BY_NAME(.init_array.*))
 *(.init_array)
 .init_array    0x20000ac0        0x4 c:/progra~2/gnuarm~1/102021~1.10/bin/../lib/gcc/arm-none-eabi/10.3.1/thumb/v6-m/nofp/crtbegin.o
                0x20000ac4                PROVIDE (__init_array_end = .)
                0x20000ac4                . = ALIGN (0x4)
                [!provide]                PROVIDE (__fini_array_start = .)
 *(SORT_BY_NAME(.fini_array.*))
 *(.fini_array)
                [!provide]                PROVIDE (__fini_array_end = .)
 *(.jcr)
                0x20000ac4                . = ALIGN (0x4)
                0x20000ac4                __data_end__ = .

.igot.plt       0x20000ac4        0x0 load address 0x100083a4
 .igot.plt      0x20000ac4        0x0 c:/progra~2/gnuarm~1/102021~1.10/bin/../lib/gcc/arm-none-eabi/10.3.1/thumb/v6-m/nofp/crtbegin.o

.uninitialized_data
                0x20000ac4        0x0 load address 0x100083a4
                0x20000ac4                . = ALIGN (0x4)
 *(.uninitialized_data*)

.scratch_x      0x20040000        0x0 load address 0x100083a4
                0x20040000                __scratch_x_start__ = .
 *(.scratch_x.*)
                0x20040000                . = ALIGN (0x4)
                0x20040000                __scratch_x_end__ = .
                0x100083a4                __scratch_x_source__ = LOADADDR (.scratch_x)

.scratch_y      0x20041000        0x0 load address 0x100083a4
                0x20041000                __scratch_y_start__ = .
 *(.scratch_y.*)
                0x20041000                . = ALIGN (0x4)
                0x20041000                __scratch_y_end__ = .
                0x100083a4                __scratch_y_source__ = LOADADDR (.scratch_y)

.bss            0x20000ac8      0x5a0
                0x20000ac8                . = ALIGN (0x4)
                0x20000ac8                __bss_start__ = .
 *(SORT_BY_ALIGNMENT(SORT_BY_NAME(.bss*)))
 .bss.default_alarm_pool_entries
                0x20000ac8      0x100 CMakeFiles/blink.dir/C_/Users/Admin/Desktop/Pico/pico-sdk/src/common/pico_time/time.c.obj
 .bss           0x20000bc8       0x1c c:/progra~2/gnuarm~1/102021~1.10/bin/../lib/gcc/arm-none-eabi/10.3.1/thumb/v6-m/nofp/crtbegin.o
 .bss           0x20000be4      0x104 ..\freertos\libfreertos.a(tasks.c.obj)
                0x20000cbc                pxCurrentTCB
 .bss           0x20000ce8       0x3c ..\freertos\libfreertos.a(timers.c.obj)
 .bss           0x20000d24       0x50 ..\freertos\libfreertos.a(queue.c.obj)
                0x20000d24                xQueueRegistry
 .bss.__lock___malloc_recursive_mutex
                0x20000d74        0x1 c:/progra~2/gnuarm~1/102021~1.10/bin/../lib/gcc/arm-none-eabi/10.3.1/../../../../arm-none-eabi/lib/thumb/v6-m/nofp\libg.a(lib_a-lock.o)
                0x20000d74                __lock___malloc_recursive_mutex
 *fill*         0x20000d75        0x3 
 .bss.__malloc_current_mallinfo
                0x20000d78       0x28 c:/progra~2/gnuarm~1/102021~1.10/bin/../lib/gcc/arm-none-eabi/10.3.1/../../../../arm-none-eabi/lib/thumb/v6-m/nofp\libg.a(lib_a-mallocr.o)
                0x20000d78                __malloc_current_mallinfo
 .bss.__malloc_max_sbrked_mem
                0x20000da0        0x4 c:/progra~2/gnuarm~1/102021~1.10/bin/../lib/gcc/arm-none-eabi/10.3.1/../../../../arm-none-eabi/lib/thumb/v6-m/nofp\libg.a(lib_a-mallocr.o)
                0x20000da0                __malloc_max_sbrked_mem
 .bss.__malloc_max_total_mem
                0x20000da4        0x4 c:/progra~2/gnuarm~1/102021~1.10/bin/../lib/gcc/arm-none-eabi/10.3.1/../../../../arm-none-eabi/lib/thumb/v6-m/nofp\libg.a(lib_a-mallocr.o)
                0x20000da4                __malloc_max_total_mem
 .bss.__malloc_top_pad
                0x20000da8        0x4 c:/progra~2/gnuarm~1/102021~1.10/bin/../lib/gcc/arm-none-eabi/10.3.1/../../../../arm-none-eabi/lib/thumb/v6-m/nofp\libg.a(lib_a-mallocr.o)
                0x20000da8                __malloc_top_pad
 .bss.alarm_callbacks
                0x20000dac       0x10 CMakeFiles/blink.dir/C_/Users/Admin/Desktop/Pico/pico-sdk/src/rp2_common/hardware_timer/timer.c.obj
 .bss.configured_freq
                0x20000dbc       0x28 CMakeFiles/blink.dir/C_/Users/Admin/Desktop/Pico/pico-sdk/src/rp2_common/hardware_clocks/clocks.c.obj
 .bss.default_alarm_pool_entry_ids_high
                0x20000de4       0x10 CMakeFiles/blink.dir/C_/Users/Admin/Desktop/Pico/pico-sdk/src/common/pico_time/time.c.obj
 .bss.default_alarm_pool_heap_nodes
                0x20000df4       0x30 CMakeFiles/blink.dir/C_/Users/Admin/Desktop/Pico/pico-sdk/src/common/pico_time/time.c.obj
 .bss.drivers   0x20000e24        0x4 CMakeFiles/blink.dir/C_/Users/Admin/Desktop/Pico/pico-sdk/src/rp2_common/pico_stdio/stdio.c.obj
 .bss.errno     0x20000e28        0x4 c:/progra~2/gnuarm~1/102021~1.10/bin/../lib/gcc/arm-none-eabi/10.3.1/../../../../arm-none-eabi/lib/thumb/v6-m/nofp\libg.a(lib_a-reent.o)
                0x20000e28                errno
 .bss.filter    0x20000e2c        0x4 CMakeFiles/blink.dir/C_/Users/Admin/Desktop/Pico/pico-sdk/src/rp2_common/pico_stdio/stdio.c.obj
 .bss.heap_end.0
                0x20000e30        0x4 CMakeFiles/blink.dir/C_/Users/Admin/Desktop/Pico/pico-sdk/src/rp2_common/pico_runtime/runtime.c.obj
 .bss.pools     0x20000e34       0x10 CMakeFiles/blink.dir/C_/Users/Admin/Desktop/Pico/pico-sdk/src/common/pico_time/time.c.obj
 .bss.sd_table  0x20000e44      0x100 CMakeFiles/blink.dir/C_/Users/Admin/Desktop/Pico/pico-sdk/src/rp2_common/pico_double/double_init_rom.c.obj
                0x20000e44                sd_table
 .bss.sf_clz_func
                0x20000f44        0x4 CMakeFiles/blink.dir/C_/Users/Admin/Desktop/Pico/pico-sdk/src/rp2_common/pico_double/double_init_rom.c.obj
                0x20000f44                sf_clz_func
 .bss.sf_table  0x20000f48      0x100 CMakeFiles/blink.dir/C_/Users/Admin/Desktop/Pico/pico-sdk/src/rp2_common/pico_float/float_init_rom.c.obj
                0x20000f48                sf_table
 .bss.sleep_notifier
                0x20001048        0x4 CMakeFiles/blink.dir/C_/Users/Admin/Desktop/Pico/pico-sdk/src/common/pico_time/time.c.obj
 .bss.target_hi
                0x2000104c       0x10 CMakeFiles/blink.dir/C_/Users/Admin/Desktop/Pico/pico-sdk/src/rp2_common/hardware_timer/timer.c.obj
 .bss.uart_char_to_line_feed
                0x2000105c        0x4 CMakeFiles/blink.dir/C_/Users/Admin/Desktop/Pico/pico-sdk/src/rp2_common/hardware_uart/uart.c.obj
                0x2000105c                uart_char_to_line_feed
 .bss.uart_instance
                0x20001060        0x4 CMakeFiles/blink.dir/C_/Users/Admin/Desktop/Pico/pico-sdk/src/rp2_common/pico_stdio_uart/stdio_uart.c.obj
 .bss.claimed   0x20001064        0x1 CMakeFiles/blink.dir/C_/Users/Admin/Desktop/Pico/pico-sdk/src/rp2_common/hardware_timer/timer.c.obj
 .bss.irq_hander_chain_free_slot_head
                0x20001065        0x1 CMakeFiles/blink.dir/C_/Users/Admin/Desktop/Pico/pico-sdk/src/rp2_common/hardware_irq/irq.c.obj
 .bss.timer_callbacks_pending
                0x20001066        0x1 CMakeFiles/blink.dir/C_/Users/Admin/Desktop/Pico/pico-sdk/src/rp2_common/hardware_timer/timer.c.obj
 *(COMMON)
                0x20001068                . = ALIGN (0x4)
 *fill*         0x20001067        0x1 
                0x20001068                __bss_end__ = .

.heap           0x20001068      0x800
                0x20001068                __end__ = .
                0x20001068                end = __end__
 *(.heap*)
 .heap          0x20001068      0x800 CMakeFiles/blink.dir/C_/Users/Admin/Desktop/Pico/pico-sdk/src/rp2_common/pico_standard_link/crt0.S.obj
                0x20001868                __HeapLimit = .

.stack1_dummy   0x20040000        0x0
 *(.stack1*)

.stack_dummy    0x20041000      0x800
 *(.stack*)
 .stack         0x20041000      0x800 CMakeFiles/blink.dir/C_/Users/Admin/Desktop/Pico/pico-sdk/src/rp2_common/pico_standard_link/crt0.S.obj

.flash_end      0x100083a4        0x0
                0x100083a4                __flash_binary_end = .
                0x20040000                __StackLimit = (ORIGIN (RAM) + LENGTH (RAM))
                0x20041000                __StackOneTop = (ORIGIN (SCRATCH_X) + LENGTH (SCRATCH_X))
                0x20042000                __StackTop = (ORIGIN (SCRATCH_Y) + LENGTH (SCRATCH_Y))
                0x20041000                __StackOneBottom = (__StackOneTop - SIZEOF (.stack1_dummy))
                0x20041800                __StackBottom = (__StackTop - SIZEOF (.stack_dummy))
                0x20042000                PROVIDE (__stack = __StackTop)
                0x00000001                ASSERT ((__StackLimit >= __HeapLimit), region RAM overflowed)
                0x00000001                ASSERT (((__binary_info_header_end - __logical_binary_start) <= 0x100), Binary info must be in first 256 bytes of the binary)
LOAD CMakeFiles/blink.dir/main.c.obj
LOAD CMakeFiles/blink.dir/C_/Users/Admin/Desktop/Pico/pico-sdk/src/rp2_common/pico_stdlib/stdlib.c.obj
LOAD CMakeFiles/blink.dir/C_/Users/Admin/Desktop/Pico/pico-sdk/src/rp2_common/hardware_gpio/gpio.c.obj
LOAD CMakeFiles/blink.dir/C_/Users/Admin/Desktop/Pico/pico-sdk/src/rp2_common/hardware_claim/claim.c.obj
LOAD CMakeFiles/blink.dir/C_/Users/Admin/Desktop/Pico/pico-sdk/src/rp2_common/pico_platform/platform.c.obj
LOAD CMakeFiles/blink.dir/C_/Users/Admin/Desktop/Pico/pico-sdk/src/rp2_common/hardware_sync/sync.c.obj
LOAD CMakeFiles/blink.dir/C_/Users/Admin/Desktop/Pico/pico-sdk/src/rp2_common/hardware_uart/uart.c.obj
LOAD CMakeFiles/blink.dir/C_/Users/Admin/Desktop/Pico/pico-sdk/src/rp2_common/hardware_divider/divider.S.obj
LOAD CMakeFiles/blink.dir/C_/Users/Admin/Desktop/Pico/pico-sdk/src/common/pico_time/time.c.obj
LOAD CMakeFiles/blink.dir/C_/Users/Admin/Desktop/Pico/pico-sdk/src/common/pico_time/timeout_helper.c.obj
LOAD CMakeFiles/blink.dir/C_/Users/Admin/Desktop/Pico/pico-sdk/src/rp2_common/hardware_timer/timer.c.obj
LOAD CMakeFiles/blink.dir/C_/Users/Admin/Desktop/Pico/pico-sdk/src/common/pico_sync/sem.c.obj
LOAD CMakeFiles/blink.dir/C_/Users/Admin/Desktop/Pico/pico-sdk/src/common/pico_sync/lock_core.c.obj
LOAD CMakeFiles/blink.dir/C_/Users/Admin/Desktop/Pico/pico-sdk/src/common/pico_sync/mutex.c.obj
LOAD CMakeFiles/blink.dir/C_/Users/Admin/Desktop/Pico/pico-sdk/src/common/pico_sync/critical_section.c.obj
LOAD CMakeFiles/blink.dir/C_/Users/Admin/Desktop/Pico/pico-sdk/src/common/pico_util/datetime.c.obj
LOAD CMakeFiles/blink.dir/C_/Users/Admin/Desktop/Pico/pico-sdk/src/common/pico_util/pheap.c.obj
LOAD CMakeFiles/blink.dir/C_/Users/Admin/Desktop/Pico/pico-sdk/src/common/pico_util/queue.c.obj
LOAD CMakeFiles/blink.dir/C_/Users/Admin/Desktop/Pico/pico-sdk/src/rp2_common/pico_runtime/runtime.c.obj
LOAD CMakeFiles/blink.dir/C_/Users/Admin/Desktop/Pico/pico-sdk/src/rp2_common/hardware_clocks/clocks.c.obj
LOAD CMakeFiles/blink.dir/C_/Users/Admin/Desktop/Pico/pico-sdk/src/rp2_common/hardware_irq/irq.c.obj
LOAD CMakeFiles/blink.dir/C_/Users/Admin/Desktop/Pico/pico-sdk/src/rp2_common/hardware_irq/irq_handler_chain.S.obj
LOAD CMakeFiles/blink.dir/C_/Users/Admin/Desktop/Pico/pico-sdk/src/rp2_common/hardware_pll/pll.c.obj
LOAD CMakeFiles/blink.dir/C_/Users/Admin/Desktop/Pico/pico-sdk/src/rp2_common/hardware_vreg/vreg.c.obj
LOAD CMakeFiles/blink.dir/C_/Users/Admin/Desktop/Pico/pico-sdk/src/rp2_common/hardware_watchdog/watchdog.c.obj
LOAD CMakeFiles/blink.dir/C_/Users/Admin/Desktop/Pico/pico-sdk/src/rp2_common/hardware_xosc/xosc.c.obj
LOAD CMakeFiles/blink.dir/C_/Users/Admin/Desktop/Pico/pico-sdk/src/rp2_common/pico_printf/printf.c.obj
LOAD CMakeFiles/blink.dir/C_/Users/Admin/Desktop/Pico/pico-sdk/src/rp2_common/pico_bit_ops/bit_ops_aeabi.S.obj
LOAD CMakeFiles/blink.dir/C_/Users/Admin/Desktop/Pico/pico-sdk/src/rp2_common/pico_bootrom/bootrom.c.obj
LOAD CMakeFiles/blink.dir/C_/Users/Admin/Desktop/Pico/pico-sdk/src/rp2_common/pico_divider/divider.S.obj
LOAD CMakeFiles/blink.dir/C_/Users/Admin/Desktop/Pico/pico-sdk/src/rp2_common/pico_double/double_aeabi.S.obj
LOAD CMakeFiles/blink.dir/C_/Users/Admin/Desktop/Pico/pico-sdk/src/rp2_common/pico_double/double_init_rom.c.obj
LOAD CMakeFiles/blink.dir/C_/Users/Admin/Desktop/Pico/pico-sdk/src/rp2_common/pico_double/double_math.c.obj
LOAD CMakeFiles/blink.dir/C_/Users/Admin/Desktop/Pico/pico-sdk/src/rp2_common/pico_double/double_v1_rom_shim.S.obj
LOAD CMakeFiles/blink.dir/C_/Users/Admin/Desktop/Pico/pico-sdk/src/rp2_common/pico_int64_ops/pico_int64_ops_aeabi.S.obj
LOAD CMakeFiles/blink.dir/C_/Users/Admin/Desktop/Pico/pico-sdk/src/rp2_common/pico_float/float_aeabi.S.obj
LOAD CMakeFiles/blink.dir/C_/Users/Admin/Desktop/Pico/pico-sdk/src/rp2_common/pico_float/float_init_rom.c.obj
LOAD CMakeFiles/blink.dir/C_/Users/Admin/Desktop/Pico/pico-sdk/src/rp2_common/pico_float/float_math.c.obj
LOAD CMakeFiles/blink.dir/C_/Users/Admin/Desktop/Pico/pico-sdk/src/rp2_common/pico_float/float_v1_rom_shim.S.obj
LOAD CMakeFiles/blink.dir/C_/Users/Admin/Desktop/Pico/pico-sdk/src/rp2_common/pico_malloc/pico_malloc.c.obj
LOAD CMakeFiles/blink.dir/C_/Users/Admin/Desktop/Pico/pico-sdk/src/rp2_common/pico_mem_ops/mem_ops_aeabi.S.obj
LOAD CMakeFiles/blink.dir/C_/Users/Admin/Desktop/Pico/pico-sdk/src/rp2_common/pico_standard_link/crt0.S.obj
LOAD CMakeFiles/blink.dir/C_/Users/Admin/Desktop/Pico/pico-sdk/src/rp2_common/pico_standard_link/new_delete.cpp.obj
LOAD CMakeFiles/blink.dir/C_/Users/Admin/Desktop/Pico/pico-sdk/src/rp2_common/pico_standard_link/binary_info.c.obj
LOAD CMakeFiles/blink.dir/C_/Users/Admin/Desktop/Pico/pico-sdk/src/rp2_common/pico_stdio/stdio.c.obj
LOAD CMakeFiles/blink.dir/C_/Users/Admin/Desktop/Pico/pico-sdk/src/rp2_common/pico_stdio_uart/stdio_uart.c.obj
LOAD ..\freertos\libfreertos.a
LOAD C:\Users\Admin\AppData\Local\Temp\ccqkbjM1.o
LOAD c:/progra~2/gnuarm~1/102021~1.10/bin/../lib/gcc/arm-none-eabi/10.3.1/../../../../arm-none-eabi/lib/thumb/v6-m/nofp\libstdc++.a
LOAD c:/progra~2/gnuarm~1/102021~1.10/bin/../lib/gcc/arm-none-eabi/10.3.1/../../../../arm-none-eabi/lib/thumb/v6-m/nofp\libm.a
START GROUP
LOAD c:/progra~2/gnuarm~1/102021~1.10/bin/../lib/gcc/arm-none-eabi/10.3.1/thumb/v6-m/nofp\libgcc.a
LOAD c:/progra~2/gnuarm~1/102021~1.10/bin/../lib/gcc/arm-none-eabi/10.3.1/../../../../arm-none-eabi/lib/thumb/v6-m/nofp\libg.a
LOAD c:/progra~2/gnuarm~1/102021~1.10/bin/../lib/gcc/arm-none-eabi/10.3.1/../../../../arm-none-eabi/lib/thumb/v6-m/nofp\libc.a
END GROUP
START GROUP
LOAD c:/progra~2/gnuarm~1/102021~1.10/bin/../lib/gcc/arm-none-eabi/10.3.1/thumb/v6-m/nofp\libgcc.a
LOAD c:/progra~2/gnuarm~1/102021~1.10/bin/../lib/gcc/arm-none-eabi/10.3.1/../../../../arm-none-eabi/lib/thumb/v6-m/nofp\libc.a
LOAD c:/progra~2/gnuarm~1/102021~1.10/bin/../lib/gcc/arm-none-eabi/10.3.1/../../../../arm-none-eabi/lib/thumb/v6-m/nofp\libnosys.a
END GROUP
LOAD c:/progra~2/gnuarm~1/102021~1.10/bin/../lib/gcc/arm-none-eabi/10.3.1/thumb/v6-m/nofp/crtend.o
LOAD c:/progra~2/gnuarm~1/102021~1.10/bin/../lib/gcc/arm-none-eabi/10.3.1/thumb/v6-m/nofp/crtn.o
OUTPUT(blink.elf elf32-littlearm)
LOAD linker stubs

.ARM.attributes
                0x00000000       0x28
 .ARM.attributes
                0x00000000       0x1e c:/progra~2/gnuarm~1/102021~1.10/bin/../lib/gcc/arm-none-eabi/10.3.1/thumb/v6-m/nofp/crti.o
 .ARM.attributes
                0x0000001e       0x2c c:/progra~2/gnuarm~1/102021~1.10/bin/../lib/gcc/arm-none-eabi/10.3.1/thumb/v6-m/nofp/crtbegin.o
 .ARM.attributes
                0x0000004a       0x2c CMakeFiles/blink.dir/main.c.obj
 .ARM.attributes
                0x00000076       0x2c CMakeFiles/blink.dir/C_/Users/Admin/Desktop/Pico/pico-sdk/src/rp2_common/hardware_gpio/gpio.c.obj
 .ARM.attributes
                0x000000a2       0x2c CMakeFiles/blink.dir/C_/Users/Admin/Desktop/Pico/pico-sdk/src/rp2_common/hardware_claim/claim.c.obj
 .ARM.attributes
                0x000000ce       0x2c CMakeFiles/blink.dir/C_/Users/Admin/Desktop/Pico/pico-sdk/src/rp2_common/pico_platform/platform.c.obj
 .ARM.attributes
                0x000000fa       0x2c CMakeFiles/blink.dir/C_/Users/Admin/Desktop/Pico/pico-sdk/src/rp2_common/hardware_sync/sync.c.obj
 .ARM.attributes
                0x00000126       0x2c CMakeFiles/blink.dir/C_/Users/Admin/Desktop/Pico/pico-sdk/src/rp2_common/hardware_uart/uart.c.obj
 .ARM.attributes
                0x00000152       0x2c CMakeFiles/blink.dir/C_/Users/Admin/Desktop/Pico/pico-sdk/src/common/pico_time/time.c.obj
 .ARM.attributes
                0x0000017e       0x2c CMakeFiles/blink.dir/C_/Users/Admin/Desktop/Pico/pico-sdk/src/rp2_common/hardware_timer/timer.c.obj
 .ARM.attributes
                0x000001aa       0x2c CMakeFiles/blink.dir/C_/Users/Admin/Desktop/Pico/pico-sdk/src/common/pico_sync/lock_core.c.obj
 .ARM.attributes
                0x000001d6       0x2c CMakeFiles/blink.dir/C_/Users/Admin/Desktop/Pico/pico-sdk/src/common/pico_sync/mutex.c.obj
 .ARM.attributes
                0x00000202       0x2c CMakeFiles/blink.dir/C_/Users/Admin/Desktop/Pico/pico-sdk/src/common/pico_util/pheap.c.obj
 .ARM.attributes
                0x0000022e       0x2c CMakeFiles/blink.dir/C_/Users/Admin/Desktop/Pico/pico-sdk/src/rp2_common/pico_runtime/runtime.c.obj
 .ARM.attributes
                0x0000025a       0x2c CMakeFiles/blink.dir/C_/Users/Admin/Desktop/Pico/pico-sdk/src/rp2_common/hardware_clocks/clocks.c.obj
 .ARM.attributes
                0x00000286       0x2c CMakeFiles/blink.dir/C_/Users/Admin/Desktop/Pico/pico-sdk/src/rp2_common/hardware_irq/irq.c.obj
 .ARM.attributes
                0x000002b2       0x22 CMakeFiles/blink.dir/C_/Users/Admin/Desktop/Pico/pico-sdk/src/rp2_common/hardware_irq/irq_handler_chain.S.obj
 .ARM.attributes
                0x000002d4       0x2c CMakeFiles/blink.dir/C_/Users/Admin/Desktop/Pico/pico-sdk/src/rp2_common/hardware_pll/pll.c.obj
 .ARM.attributes
                0x00000300       0x2c CMakeFiles/blink.dir/C_/Users/Admin/Desktop/Pico/pico-sdk/src/rp2_common/hardware_watchdog/watchdog.c.obj
 .ARM.attributes
                0x0000032c       0x2c CMakeFiles/blink.dir/C_/Users/Admin/Desktop/Pico/pico-sdk/src/rp2_common/hardware_xosc/xosc.c.obj
 .ARM.attributes
                0x00000358       0x2c CMakeFiles/blink.dir/C_/Users/Admin/Desktop/Pico/pico-sdk/src/rp2_common/pico_printf/printf.c.obj
 .ARM.attributes
                0x00000384       0x22 CMakeFiles/blink.dir/C_/Users/Admin/Desktop/Pico/pico-sdk/src/rp2_common/pico_bit_ops/bit_ops_aeabi.S.obj
 .ARM.attributes
                0x000003a6       0x2c CMakeFiles/blink.dir/C_/Users/Admin/Desktop/Pico/pico-sdk/src/rp2_common/pico_bootrom/bootrom.c.obj
 .ARM.attributes
                0x000003d2       0x22 CMakeFiles/blink.dir/C_/Users/Admin/Desktop/Pico/pico-sdk/src/rp2_common/pico_divider/divider.S.obj
 .ARM.attributes
                0x000003f4       0x22 CMakeFiles/blink.dir/C_/Users/Admin/Desktop/Pico/pico-sdk/src/rp2_common/pico_double/double_aeabi.S.obj
 .ARM.attributes
                0x00000416       0x2c CMakeFiles/blink.dir/C_/Users/Admin/Desktop/Pico/pico-sdk/src/rp2_common/pico_double/double_init_rom.c.obj
 .ARM.attributes
                0x00000442       0x22 CMakeFiles/blink.dir/C_/Users/Admin/Desktop/Pico/pico-sdk/src/rp2_common/pico_double/double_v1_rom_shim.S.obj
 .ARM.attributes
                0x00000464       0x22 CMakeFiles/blink.dir/C_/Users/Admin/Desktop/Pico/pico-sdk/src/rp2_common/pico_float/float_aeabi.S.obj
 .ARM.attributes
                0x00000486       0x2c CMakeFiles/blink.dir/C_/Users/Admin/Desktop/Pico/pico-sdk/src/rp2_common/pico_float/float_init_rom.c.obj
 .ARM.attributes
                0x000004b2       0x22 CMakeFiles/blink.dir/C_/Users/Admin/Desktop/Pico/pico-sdk/src/rp2_common/pico_float/float_v1_rom_shim.S.obj
 .ARM.attributes
                0x000004d4       0x2c CMakeFiles/blink.dir/C_/Users/Admin/Desktop/Pico/pico-sdk/src/rp2_common/pico_malloc/pico_malloc.c.obj
 .ARM.attributes
                0x00000500       0x22 CMakeFiles/blink.dir/C_/Users/Admin/Desktop/Pico/pico-sdk/src/rp2_common/pico_mem_ops/mem_ops_aeabi.S.obj
 .ARM.attributes
                0x00000522       0x22 CMakeFiles/blink.dir/C_/Users/Admin/Desktop/Pico/pico-sdk/src/rp2_common/pico_standard_link/crt0.S.obj
 .ARM.attributes
                0x00000544       0x2c CMakeFiles/blink.dir/C_/Users/Admin/Desktop/Pico/pico-sdk/src/rp2_common/pico_standard_link/binary_info.c.obj
 .ARM.attributes
                0x00000570       0x2c CMakeFiles/blink.dir/C_/Users/Admin/Desktop/Pico/pico-sdk/src/rp2_common/pico_stdio/stdio.c.obj
 .ARM.attributes
                0x0000059c       0x2c CMakeFiles/blink.dir/C_/Users/Admin/Desktop/Pico/pico-sdk/src/rp2_common/pico_stdio_uart/stdio_uart.c.obj
 .ARM.attributes
                0x000005c8       0x2c ..\freertos\libfreertos.a(tasks.c.obj)
 .ARM.attributes
                0x000005f4       0x2c ..\freertos\libfreertos.a(timers.c.obj)
 .ARM.attributes
                0x00000620       0x2c ..\freertos\libfreertos.a(heap_3.c.obj)
 .ARM.attributes
                0x0000064c       0x2c ..\freertos\libfreertos.a(port.c.obj)
 .ARM.attributes
                0x00000678       0x2c ..\freertos\libfreertos.a(list.c.obj)
 .ARM.attributes
                0x000006a4       0x2c ..\freertos\libfreertos.a(queue.c.obj)
 .ARM.attributes
                0x000006d0       0x22 C:\Users\Admin\AppData\Local\Temp\ccqkbjM1.o
 .ARM.attributes
                0x000006f2       0x1e c:/progra~2/gnuarm~1/102021~1.10/bin/../lib/gcc/arm-none-eabi/10.3.1/thumb/v6-m/nofp\libgcc.a(_dvmd_tls.o)
 .ARM.attributes
                0x00000710       0x2c c:/progra~2/gnuarm~1/102021~1.10/bin/../lib/gcc/arm-none-eabi/10.3.1/../../../../arm-none-eabi/lib/thumb/v6-m/nofp\libg.a(lib_a-impure.o)
 .ARM.attributes
                0x0000073c       0x2c c:/progra~2/gnuarm~1/102021~1.10/bin/../lib/gcc/arm-none-eabi/10.3.1/../../../../arm-none-eabi/lib/thumb/v6-m/nofp\libg.a(lib_a-malloc.o)
 .ARM.attributes
                0x00000768       0x2c c:/progra~2/gnuarm~1/102021~1.10/bin/../lib/gcc/arm-none-eabi/10.3.1/../../../../arm-none-eabi/lib/thumb/v6-m/nofp\libg.a(lib_a-mallocr.o)
 .ARM.attributes
                0x00000794       0x2c c:/progra~2/gnuarm~1/102021~1.10/bin/../lib/gcc/arm-none-eabi/10.3.1/../../../../arm-none-eabi/lib/thumb/v6-m/nofp\libg.a(lib_a-mlock.o)
 .ARM.attributes
                0x000007c0       0x2c c:/progra~2/gnuarm~1/102021~1.10/bin/../lib/gcc/arm-none-eabi/10.3.1/../../../../arm-none-eabi/lib/thumb/v6-m/nofp\libg.a(lib_a-sbrkr.o)
 .ARM.attributes
                0x000007ec       0x2c c:/progra~2/gnuarm~1/102021~1.10/bin/../lib/gcc/arm-none-eabi/10.3.1/../../../../arm-none-eabi/lib/thumb/v6-m/nofp\libg.a(lib_a-strlen-stub.o)
 .ARM.attributes
                0x00000818       0x2c c:/progra~2/gnuarm~1/102021~1.10/bin/../lib/gcc/arm-none-eabi/10.3.1/../../../../arm-none-eabi/lib/thumb/v6-m/nofp\libg.a(lib_a-freer.o)
 .ARM.attributes
                0x00000844       0x2c c:/progra~2/gnuarm~1/102021~1.10/bin/../lib/gcc/arm-none-eabi/10.3.1/../../../../arm-none-eabi/lib/thumb/v6-m/nofp\libg.a(lib_a-lock.o)
 .ARM.attributes
                0x00000870       0x2c c:/progra~2/gnuarm~1/102021~1.10/bin/../lib/gcc/arm-none-eabi/10.3.1/../../../../arm-none-eabi/lib/thumb/v6-m/nofp\libg.a(lib_a-reent.o)

.comment        0x00000000       0x49
 .comment       0x00000000       0x49 CMakeFiles/blink.dir/main.c.obj
                                 0x4a (size before relaxing)
 .comment       0x00000049       0x4a CMakeFiles/blink.dir/C_/Users/Admin/Desktop/Pico/pico-sdk/src/rp2_common/hardware_gpio/gpio.c.obj
 .comment       0x00000049       0x4a CMakeFiles/blink.dir/C_/Users/Admin/Desktop/Pico/pico-sdk/src/rp2_common/hardware_claim/claim.c.obj
 .comment       0x00000049       0x4a CMakeFiles/blink.dir/C_/Users/Admin/Desktop/Pico/pico-sdk/src/rp2_common/pico_platform/platform.c.obj
 .comment       0x00000049       0x4a CMakeFiles/blink.dir/C_/Users/Admin/Desktop/Pico/pico-sdk/src/rp2_common/hardware_sync/sync.c.obj
 .comment       0x00000049       0x4a CMakeFiles/blink.dir/C_/Users/Admin/Desktop/Pico/pico-sdk/src/rp2_common/hardware_uart/uart.c.obj
 .comment       0x00000049       0x4a CMakeFiles/blink.dir/C_/Users/Admin/Desktop/Pico/pico-sdk/src/common/pico_time/time.c.obj
 .comment       0x00000049       0x4a CMakeFiles/blink.dir/C_/Users/Admin/Desktop/Pico/pico-sdk/src/rp2_common/hardware_timer/timer.c.obj
 .comment       0x00000049       0x4a CMakeFiles/blink.dir/C_/Users/Admin/Desktop/Pico/pico-sdk/src/common/pico_sync/lock_core.c.obj
 .comment       0x00000049       0x4a CMakeFiles/blink.dir/C_/Users/Admin/Desktop/Pico/pico-sdk/src/common/pico_sync/mutex.c.obj
 .comment       0x00000049       0x4a CMakeFiles/blink.dir/C_/Users/Admin/Desktop/Pico/pico-sdk/src/common/pico_util/pheap.c.obj
 .comment       0x00000049       0x4a CMakeFiles/blink.dir/C_/Users/Admin/Desktop/Pico/pico-sdk/src/rp2_common/pico_runtime/runtime.c.obj
 .comment       0x00000049       0x4a CMakeFiles/blink.dir/C_/Users/Admin/Desktop/Pico/pico-sdk/src/rp2_common/hardware_clocks/clocks.c.obj
 .comment       0x00000049       0x4a CMakeFiles/blink.dir/C_/Users/Admin/Desktop/Pico/pico-sdk/src/rp2_common/hardware_irq/irq.c.obj
 .comment       0x00000049       0x4a CMakeFiles/blink.dir/C_/Users/Admin/Desktop/Pico/pico-sdk/src/rp2_common/hardware_pll/pll.c.obj
 .comment       0x00000049       0x4a CMakeFiles/blink.dir/C_/Users/Admin/Desktop/Pico/pico-sdk/src/rp2_common/hardware_watchdog/watchdog.c.obj
 .comment       0x00000049       0x4a CMakeFiles/blink.dir/C_/Users/Admin/Desktop/Pico/pico-sdk/src/rp2_common/hardware_xosc/xosc.c.obj
 .comment       0x00000049       0x4a CMakeFiles/blink.dir/C_/Users/Admin/Desktop/Pico/pico-sdk/src/rp2_common/pico_printf/printf.c.obj
 .comment       0x00000049       0x4a CMakeFiles/blink.dir/C_/Users/Admin/Desktop/Pico/pico-sdk/src/rp2_common/pico_bootrom/bootrom.c.obj
 .comment       0x00000049       0x4a CMakeFiles/blink.dir/C_/Users/Admin/Desktop/Pico/pico-sdk/src/rp2_common/pico_double/double_init_rom.c.obj
 .comment       0x00000049       0x4a CMakeFiles/blink.dir/C_/Users/Admin/Desktop/Pico/pico-sdk/src/rp2_common/pico_float/float_init_rom.c.obj
 .comment       0x00000049       0x4a CMakeFiles/blink.dir/C_/Users/Admin/Desktop/Pico/pico-sdk/src/rp2_common/pico_malloc/pico_malloc.c.obj
 .comment       0x00000049       0x4a CMakeFiles/blink.dir/C_/Users/Admin/Desktop/Pico/pico-sdk/src/rp2_common/pico_standard_link/binary_info.c.obj
 .comment       0x00000049       0x4a CMakeFiles/blink.dir/C_/Users/Admin/Desktop/Pico/pico-sdk/src/rp2_common/pico_stdio/stdio.c.obj
 .comment       0x00000049       0x4a CMakeFiles/blink.dir/C_/Users/Admin/Desktop/Pico/pico-sdk/src/rp2_common/pico_stdio_uart/stdio_uart.c.obj
 .comment       0x00000049       0x4a ..\freertos\libfreertos.a(tasks.c.obj)
 .comment       0x00000049       0x4a ..\freertos\libfreertos.a(timers.c.obj)
 .comment       0x00000049       0x4a ..\freertos\libfreertos.a(heap_3.c.obj)
 .comment       0x00000049       0x4a ..\freertos\libfreertos.a(port.c.obj)
 .comment       0x00000049       0x4a ..\freertos\libfreertos.a(list.c.obj)
 .comment       0x00000049       0x4a ..\freertos\libfreertos.a(queue.c.obj)

.debug_info     0x00000000    0x19158
 .debug_info    0x00000000      0x671 CMakeFiles/blink.dir/main.c.obj
 .debug_info    0x00000671     0x1491 CMakeFiles/blink.dir/C_/Users/Admin/Desktop/Pico/pico-sdk/src/rp2_common/hardware_gpio/gpio.c.obj
 .debug_info    0x00001b02      0x6bb CMakeFiles/blink.dir/C_/Users/Admin/Desktop/Pico/pico-sdk/src/rp2_common/hardware_claim/claim.c.obj
 .debug_info    0x000021bd      0x1e3 CMakeFiles/blink.dir/C_/Users/Admin/Desktop/Pico/pico-sdk/src/rp2_common/pico_platform/platform.c.obj
 .debug_info    0x000023a0      0x58e CMakeFiles/blink.dir/C_/Users/Admin/Desktop/Pico/pico-sdk/src/rp2_common/hardware_sync/sync.c.obj
 .debug_info    0x0000292e      0xb65 CMakeFiles/blink.dir/C_/Users/Admin/Desktop/Pico/pico-sdk/src/rp2_common/hardware_uart/uart.c.obj
 .debug_info    0x00003493     0x3b3b CMakeFiles/blink.dir/C_/Users/Admin/Desktop/Pico/pico-sdk/src/common/pico_time/time.c.obj
 .debug_info    0x00006fce     0x1134 CMakeFiles/blink.dir/C_/Users/Admin/Desktop/Pico/pico-sdk/src/rp2_common/hardware_timer/timer.c.obj
 .debug_info    0x00008102      0x1a4 CMakeFiles/blink.dir/C_/Users/Admin/Desktop/Pico/pico-sdk/src/common/pico_sync/lock_core.c.obj
 .debug_info    0x000082a6     0x2022 CMakeFiles/blink.dir/C_/Users/Admin/Desktop/Pico/pico-sdk/src/common/pico_sync/mutex.c.obj
 .debug_info    0x0000a2c8     0x120c CMakeFiles/blink.dir/C_/Users/Admin/Desktop/Pico/pico-sdk/src/common/pico_util/pheap.c.obj
 .debug_info    0x0000b4d4      0xa87 CMakeFiles/blink.dir/C_/Users/Admin/Desktop/Pico/pico-sdk/src/rp2_common/pico_runtime/runtime.c.obj
 .debug_info    0x0000bf5b      0xf6c CMakeFiles/blink.dir/C_/Users/Admin/Desktop/Pico/pico-sdk/src/rp2_common/hardware_clocks/clocks.c.obj
 .debug_info    0x0000cec7     0x1968 CMakeFiles/blink.dir/C_/Users/Admin/Desktop/Pico/pico-sdk/src/rp2_common/hardware_irq/irq.c.obj
 .debug_info    0x0000e82f      0x51b CMakeFiles/blink.dir/C_/Users/Admin/Desktop/Pico/pico-sdk/src/rp2_common/hardware_pll/pll.c.obj
 .debug_info    0x0000ed4a      0x4ee CMakeFiles/blink.dir/C_/Users/Admin/Desktop/Pico/pico-sdk/src/rp2_common/hardware_watchdog/watchdog.c.obj
 .debug_info    0x0000f238      0x1d8 CMakeFiles/blink.dir/C_/Users/Admin/Desktop/Pico/pico-sdk/src/rp2_common/hardware_xosc/xosc.c.obj
 .debug_info    0x0000f410     0x1a5f CMakeFiles/blink.dir/C_/Users/Admin/Desktop/Pico/pico-sdk/src/rp2_common/pico_printf/printf.c.obj
 .debug_info    0x00010e6f       0x22 CMakeFiles/blink.dir/C_/Users/Admin/Desktop/Pico/pico-sdk/src/rp2_common/pico_bit_ops/bit_ops_aeabi.S.obj
 .debug_info    0x00010e91      0x27c CMakeFiles/blink.dir/C_/Users/Admin/Desktop/Pico/pico-sdk/src/rp2_common/pico_bootrom/bootrom.c.obj
 .debug_info    0x0001110d       0x22 CMakeFiles/blink.dir/C_/Users/Admin/Desktop/Pico/pico-sdk/src/rp2_common/pico_divider/divider.S.obj
 .debug_info    0x0001112f       0x22 CMakeFiles/blink.dir/C_/Users/Admin/Desktop/Pico/pico-sdk/src/rp2_common/pico_double/double_aeabi.S.obj
 .debug_info    0x00011151      0x2d1 CMakeFiles/blink.dir/C_/Users/Admin/Desktop/Pico/pico-sdk/src/rp2_common/pico_double/double_init_rom.c.obj
 .debug_info    0x00011422       0x22 CMakeFiles/blink.dir/C_/Users/Admin/Desktop/Pico/pico-sdk/src/rp2_common/pico_double/double_v1_rom_shim.S.obj
 .debug_info    0x00011444       0x22 CMakeFiles/blink.dir/C_/Users/Admin/Desktop/Pico/pico-sdk/src/rp2_common/pico_float/float_aeabi.S.obj
 .debug_info    0x00011466      0x2eb CMakeFiles/blink.dir/C_/Users/Admin/Desktop/Pico/pico-sdk/src/rp2_common/pico_float/float_init_rom.c.obj
 .debug_info    0x00011751       0x22 CMakeFiles/blink.dir/C_/Users/Admin/Desktop/Pico/pico-sdk/src/rp2_common/pico_float/float_v1_rom_shim.S.obj
 .debug_info    0x00011773      0x278 CMakeFiles/blink.dir/C_/Users/Admin/Desktop/Pico/pico-sdk/src/rp2_common/pico_malloc/pico_malloc.c.obj
 .debug_info    0x000119eb       0x22 CMakeFiles/blink.dir/C_/Users/Admin/Desktop/Pico/pico-sdk/src/rp2_common/pico_mem_ops/mem_ops_aeabi.S.obj
 .debug_info    0x00011a0d       0x22 CMakeFiles/blink.dir/C_/Users/Admin/Desktop/Pico/pico-sdk/src/rp2_common/pico_standard_link/crt0.S.obj
 .debug_info    0x00011a2f      0x2f6 CMakeFiles/blink.dir/C_/Users/Admin/Desktop/Pico/pico-sdk/src/rp2_common/pico_standard_link/binary_info.c.obj
 .debug_info    0x00011d25     0x12ed CMakeFiles/blink.dir/C_/Users/Admin/Desktop/Pico/pico-sdk/src/rp2_common/pico_stdio/stdio.c.obj
 .debug_info    0x00013012      0xc41 CMakeFiles/blink.dir/C_/Users/Admin/Desktop/Pico/pico-sdk/src/rp2_common/pico_stdio_uart/stdio_uart.c.obj